Archive member included because of file (symbol)

/root/gcc-arm-none-eabi-4_9-2015q2-20150609/install-native/lib/gcc/arm-none-eabi/4.9.3/../../../../arm-none-eabi/lib/armv6-m/libstdc++_nano.a(new_opv.o)
                              mbed-src/common/RawSerial.o (operator new[](unsigned int))
/root/gcc-arm-none-eabi-4_9-2015q2-20150609/install-native/lib/gcc/arm-none-eabi/4.9.3/../../../../arm-none-eabi/lib/armv6-m/libstdc++_nano.a(del_op.o)
                              mbed-src/common/InterruptIn.o (operator delete(void*))
/root/gcc-arm-none-eabi-4_9-2015q2-20150609/install-native/lib/gcc/arm-none-eabi/4.9.3/../../../../arm-none-eabi/lib/armv6-m/libstdc++_nano.a(del_opv.o)
                              mbed-src/common/RawSerial.o (operator delete[](void*))
/root/gcc-arm-none-eabi-4_9-2015q2-20150609/install-native/lib/gcc/arm-none-eabi/4.9.3/../../../../arm-none-eabi/lib/armv6-m/libstdc++_nano.a(new_op.o)
                              mbed-src/common/FileSystemLike.o (operator new(unsigned int))
/root/gcc-arm-none-eabi-4_9-2015q2-20150609/install-native/lib/gcc/arm-none-eabi/4.9.3/../../../../arm-none-eabi/lib/armv6-m/libstdc++_nano.a(new_handler.o)
                              /root/gcc-arm-none-eabi-4_9-2015q2-20150609/install-native/lib/gcc/arm-none-eabi/4.9.3/../../../../arm-none-eabi/lib/armv6-m/libstdc++_nano.a(new_op.o) (std::get_new_handler())
/root/gcc-arm-none-eabi-4_9-2015q2-20150609/install-native/lib/gcc/arm-none-eabi/4.9.3/../../../../arm-none-eabi/lib/armv6-m/libc_nano.a(lib_a-abort.o)
                              /root/gcc-arm-none-eabi-4_9-2015q2-20150609/install-native/lib/gcc/arm-none-eabi/4.9.3/../../../../arm-none-eabi/lib/armv6-m/libstdc++_nano.a(new_op.o) (abort)
/root/gcc-arm-none-eabi-4_9-2015q2-20150609/install-native/lib/gcc/arm-none-eabi/4.9.3/../../../../arm-none-eabi/lib/armv6-m/libc_nano.a(lib_a-errno.o)
                              mbed-src/common/retarget.o (__errno)
/root/gcc-arm-none-eabi-4_9-2015q2-20150609/install-native/lib/gcc/arm-none-eabi/4.9.3/../../../../arm-none-eabi/lib/armv6-m/libc_nano.a(lib_a-exit.o)
                              /root/gcc-arm-none-eabi-4_9-2015q2-20150609/install-native/lib/gcc/arm-none-eabi/4.9.3/../../../../arm-none-eabi/lib/armv6-m/crt0.o (exit)
/root/gcc-arm-none-eabi-4_9-2015q2-20150609/install-native/lib/gcc/arm-none-eabi/4.9.3/../../../../arm-none-eabi/lib/armv6-m/libc_nano.a(lib_a-fclose.o)
                              mbed-src/common/Stream.o (fclose)
/root/gcc-arm-none-eabi-4_9-2015q2-20150609/install-native/lib/gcc/arm-none-eabi/4.9.3/../../../../arm-none-eabi/lib/armv6-m/libc_nano.a(lib_a-fflush.o)
                              /root/gcc-arm-none-eabi-4_9-2015q2-20150609/install-native/lib/gcc/arm-none-eabi/4.9.3/../../../../arm-none-eabi/lib/armv6-m/libc_nano.a(lib_a-fclose.o) (__sflush_r)
/root/gcc-arm-none-eabi-4_9-2015q2-20150609/install-native/lib/gcc/arm-none-eabi/4.9.3/../../../../arm-none-eabi/lib/armv6-m/libc_nano.a(lib_a-fgetc.o)
                              mbed-src/common/retarget.o (fgetc)
/root/gcc-arm-none-eabi-4_9-2015q2-20150609/install-native/lib/gcc/arm-none-eabi/4.9.3/../../../../arm-none-eabi/lib/armv6-m/libc_nano.a(lib_a-fgets.o)
                              mbed-src/common/retarget.o (fgets)
/root/gcc-arm-none-eabi-4_9-2015q2-20150609/install-native/lib/gcc/arm-none-eabi/4.9.3/../../../../arm-none-eabi/lib/armv6-m/libc_nano.a(lib_a-findfp.o)
                              /root/gcc-arm-none-eabi-4_9-2015q2-20150609/install-native/lib/gcc/arm-none-eabi/4.9.3/../../../../arm-none-eabi/lib/armv6-m/libc_nano.a(lib_a-fclose.o) (__sinit)
/root/gcc-arm-none-eabi-4_9-2015q2-20150609/install-native/lib/gcc/arm-none-eabi/4.9.3/../../../../arm-none-eabi/lib/armv6-m/libc_nano.a(lib_a-fopen.o)
                              mbed-src/common/Stream.o (fopen)
/root/gcc-arm-none-eabi-4_9-2015q2-20150609/install-native/lib/gcc/arm-none-eabi/4.9.3/../../../../arm-none-eabi/lib/armv6-m/libc_nano.a(lib_a-fprintf.o)
                              mbed-src/common/assert.o (fprintf)
/root/gcc-arm-none-eabi-4_9-2015q2-20150609/install-native/lib/gcc/arm-none-eabi/4.9.3/../../../../arm-none-eabi/lib/armv6-m/libc_nano.a(lib_a-fputc.o)
                              mbed-src/common/Stream.o (fputc)
/root/gcc-arm-none-eabi-4_9-2015q2-20150609/install-native/lib/gcc/arm-none-eabi/4.9.3/../../../../arm-none-eabi/lib/armv6-m/libc_nano.a(lib_a-fputs.o)
                              mbed-src/common/Stream.o (fputs)
/root/gcc-arm-none-eabi-4_9-2015q2-20150609/install-native/lib/gcc/arm-none-eabi/4.9.3/../../../../arm-none-eabi/lib/armv6-m/libc_nano.a(lib_a-fseek.o)
                              /root/gcc-arm-none-eabi-4_9-2015q2-20150609/install-native/lib/gcc/arm-none-eabi/4.9.3/../../../../arm-none-eabi/lib/armv6-m/libc_nano.a(lib_a-fopen.o) (_fseek_r)
/root/gcc-arm-none-eabi-4_9-2015q2-20150609/install-native/lib/gcc/arm-none-eabi/4.9.3/../../../../arm-none-eabi/lib/armv6-m/libc_nano.a(lib_a-fseeko.o)
[...]
Memory Configuration

Name             Origin             Length             Attributes
FLASH            0x08000000         0x00010000         xr
RAM              0x200000c0         0x00001f40         xrw
*default*        0x00000000         0xffffffff

Linker script and memory map

LOAD /root/gcc-arm-none-eabi-4_9-2015q2-20150609/install-native/lib/gcc/arm-none-eabi/4.9.3/armv6-m/crti.o
LOAD /root/gcc-arm-none-eabi-4_9-2015q2-20150609/install-native/lib/gcc/arm-none-eabi/4.9.3/armv6-m/crtbegin.o
LOAD /root/gcc-arm-none-eabi-4_9-2015q2-20150609/install-native/lib/gcc/arm-none-eabi/4.9.3/../../../../arm-none-eabi/lib/armv6-m/crt0.o
LOAD mbed-src/targets/cmsis/TARGET_STM/TARGET_STM32F0/TARGET_NUCLEO_F030R8/TOOLCHAIN_GCC_ARM/startup_stm32f030x8.o
LOAD mbed-src/targets/hal/TARGET_STM/TARGET_STM32F0/pwmout_api.o
LOAD mbed-src/targets/hal/TARGET_STM/TARGET_STM32F0/serial_api.o
LOAD mbed-src/targets/hal/TARGET_STM/TARGET_STM32F0/pinmap.o
LOAD mbed-src/targets/hal/TARGET_STM/TARGET_STM32F0/sleep.o
LOAD mbed-src/targets/hal/TARGET_STM/TARGET_STM32F0/us_ticker.o
LOAD mbed-src/targets/hal/TARGET_STM/TARGET_STM32F0/port_api.o
LOAD mbed-src/targets/hal/TARGET_STM/TARGET_STM32F0/gpio_api.o
LOAD mbed-src/targets/hal/TARGET_STM/TARGET_STM32F0/rtc_api.o
LOAD mbed-src/targets/hal/TARGET_STM/TARGET_STM32F0/mbed_overrides.o
LOAD mbed-src/targets/hal/TARGET_STM/TARGET_STM32F0/spi_api.o
LOAD mbed-src/targets/hal/TARGET_STM/TARGET_STM32F0/gpio_irq_api.o
LOAD mbed-src/targets/hal/TARGET_STM/TARGET_STM32F0/analogout_api.o
LOAD mbed-src/targets/hal/TARGET_STM/TARGET_STM32F0/i2c_api.o
LOAD mbed-src/targets/hal/TARGET_STM/TARGET_STM32F0/analogin_api.o
LOAD mbed-src/targets/hal/TARGET_STM/TARGET_STM32F0/TARGET_NUCLEO_F030R8/PeripheralPins.o
LOAD mbed-src/targets/cmsis/TARGET_STM/TARGET_STM32F0/stm32f0xx_hal_uart_ex.o
LOAD mbed-src/targets/cmsis/TARGET_STM/TARGET_STM32F0/stm32f0xx_hal_smartcard_ex.o
LOAD mbed-src/targets/cmsis/TARGET_STM/TARGET_STM32F0/stm32f0xx_hal_rcc.o
LOAD mbed-src/targets/cmsis/TARGET_STM/TARGET_STM32F0/stm32f0xx_hal_crc.o
LOAD mbed-src/targets/cmsis/TARGET_STM/TARGET_STM32F0/stm32f0xx_hal.o
LOAD mbed-src/targets/cmsis/TARGET_STM/TARGET_STM32F0/stm32f0xx_hal_rtc_ex.o
LOAD mbed-src/targets/cmsis/TARGET_STM/TARGET_STM32F0/stm32f0xx_hal_gpio.o
LOAD mbed-src/targets/cmsis/TARGET_STM/TARGET_STM32F0/stm32f0xx_hal_pcd.o
LOAD mbed-src/targets/cmsis/TARGET_STM/TARGET_STM32F0/stm32f0xx_hal_dac_ex.o
LOAD mbed-src/targets/cmsis/TARGET_STM/TARGET_STM32F0/stm32f0xx_hal_rcc_ex.o
LOAD mbed-src/targets/cmsis/TARGET_STM/TARGET_STM32F0/stm32f0xx_hal_comp.o
LOAD mbed-src/targets/cmsis/TARGET_STM/TARGET_STM32F0/stm32f0xx_hal_crc_ex.o
LOAD mbed-src/targets/cmsis/TARGET_STM/TARGET_STM32F0/stm32f0xx_hal_smartcard.o
LOAD mbed-src/targets/cmsis/TARGET_STM/TARGET_STM32F0/stm32f0xx_hal_can.o
LOAD mbed-src/targets/cmsis/TARGET_STM/TARGET_STM32F0/stm32f0xx_hal_tsc.o
LOAD mbed-src/targets/cmsis/TARGET_STM/TARGET_STM32F0/stm32f0xx_hal_i2s.o
LOAD mbed-src/targets/cmsis/TARGET_STM/TARGET_STM32F0/stm32f0xx_hal_i2c_ex.o
LOAD mbed-src/targets/cmsis/TARGET_STM/TARGET_STM32F0/stm32f0xx_hal_dma.o
LOAD mbed-src/targets/cmsis/TARGET_STM/TARGET_STM32F0/stm32f0xx_hal_wwdg.o
LOAD mbed-src/targets/cmsis/TARGET_STM/TARGET_STM32F0/stm32f0xx_hal_pwr.o
LOAD mbed-src/targets/cmsis/TARGET_STM/TARGET_STM32F0/stm32f0xx_hal_adc_ex.o
LOAD mbed-src/targets/cmsis/TARGET_STM/TARGET_STM32F0/stm32f0xx_hal_dac.o
LOAD mbed-src/targets/cmsis/TARGET_STM/TARGET_STM32F0/stm32f0xx_hal_tim.o
LOAD mbed-src/targets/cmsis/TARGET_STM/TARGET_STM32F0/stm32f0xx_hal_irda.o
LOAD mbed-src/targets/cmsis/TARGET_STM/TARGET_STM32F0/stm32f0xx_hal_iwdg.o
LOAD mbed-src/targets/cmsis/TARGET_STM/TARGET_STM32F0/stm32f0xx_hal_i2c.o
LOAD mbed-src/targets/cmsis/TARGET_STM/TARGET_STM32F0/stm32f0xx_hal_pcd_ex.o
LOAD mbed-src/targets/cmsis/TARGET_STM/TARGET_STM32F0/stm32f0xx_hal_rtc.o
LOAD mbed-src/targets/cmsis/TARGET_STM/TARGET_STM32F0/stm32f0xx_hal_uart.o
LOAD mbed-src/targets/cmsis/TARGET_STM/TARGET_STM32F0/stm32f0xx_hal_flash.o
LOAD mbed-src/targets/cmsis/TARGET_STM/TARGET_STM32F0/stm32f0xx_hal_spi.o
LOAD mbed-src/targets/cmsis/TARGET_STM/TARGET_STM32F0/stm32f0xx_hal_cortex.o
LOAD mbed-src/targets/cmsis/TARGET_STM/TARGET_STM32F0/stm32f0xx_hal_flash_ex.o
LOAD mbed-src/targets/cmsis/TARGET_STM/TARGET_STM32F0/stm32f0xx_hal_tim_ex.o
LOAD mbed-src/targets/cmsis/TARGET_STM/TARGET_STM32F0/stm32f0xx_hal_smbus.o
LOAD mbed-src/targets/cmsis/TARGET_STM/TARGET_STM32F0/stm32f0xx_hal_adc.o
LOAD mbed-src/targets/cmsis/TARGET_STM/TARGET_STM32F0/stm32f0xx_hal_pwr_ex.o
LOAD mbed-src/targets/cmsis/TARGET_STM/TARGET_STM32F0/stm32f0xx_hal_usart.o
LOAD mbed-src/targets/cmsis/TARGET_STM/TARGET_STM32F0/stm32f0xx_hal_cec.o
LOAD mbed-src/targets/cmsis/TARGET_STM/TARGET_STM32F0/TARGET_NUCLEO_F030R8/cmsis_nvic.o
LOAD mbed-src/targets/cmsis/TARGET_STM/TARGET_STM32F0/TARGET_NUCLEO_F030R8/system_stm32f0xx.o
LOAD mbed-src/targets/cmsis/TARGET_STM/TARGET_STM32F0/TARGET_NUCLEO_F030R8/hal_tick.o
LOAD mbed-src/common/us_ticker_api.o
LOAD mbed-src/common/semihost_api.o
LOAD mbed-src/common/lp_ticker_api.o
LOAD mbed-src/common/error.o
LOAD mbed-src/common/pinmap_common.o
LOAD mbed-src/common/gpio.o
LOAD mbed-src/common/ticker_api.o
LOAD mbed-src/common/wait_api.o
LOAD mbed-src/common/rtc_time.o
LOAD mbed-src/common/board.o
LOAD mbed-src/common/assert.o
LOAD mbed-src/common/mbed_interface.o
LOAD main.o
LOAD mbed-src/common/InterruptIn.o
LOAD mbed-src/common/FileSystemLike.o
LOAD mbed-src/common/I2C.o
LOAD mbed-src/common/SerialBase.o
LOAD mbed-src/common/InterruptManager.o
LOAD mbed-src/common/SPI.o
LOAD mbed-src/common/FilePath.o
LOAD mbed-src/common/LocalFileSystem.o
LOAD mbed-src/common/CAN.o
LOAD mbed-src/common/TimerEvent.o
LOAD mbed-src/common/Ticker.o
LOAD mbed-src/common/Ethernet.o
LOAD mbed-src/common/SPISlave.o
LOAD mbed-src/common/FileLike.o
LOAD mbed-src/common/RawSerial.o
LOAD mbed-src/common/retarget.o
LOAD mbed-src/common/Timeout.o
LOAD mbed-src/common/BusInOut.o
LOAD mbed-src/common/CallChain.o
LOAD mbed-src/common/Stream.o
LOAD mbed-src/common/Serial.o
LOAD mbed-src/common/FileBase.o
LOAD mbed-src/common/Timer.o
LOAD mbed-src/common/BusIn.o
LOAD mbed-src/common/BusOut.o
LOAD mbed-src/common/I2CSlave.o
LOAD /root/gcc-arm-none-eabi-4_9-2015q2-20150609/install-native/lib/gcc/arm-none-eabi/4.9.3/../../../../arm-none-eabi/lib/armv6-m/libstdc++_nano.a
LOAD /root/gcc-arm-none-eabi-4_9-2015q2-20150609/install-native/lib/gcc/arm-none-eabi/4.9.3/../../../../arm-none-eabi/lib/armv6-m/libsupc++_nano.a
LOAD /root/gcc-arm-none-eabi-4_9-2015q2-20150609/install-native/lib/gcc/arm-none-eabi/4.9.3/../../../../arm-none-eabi/lib/armv6-m/libm.a
LOAD /root/gcc-arm-none-eabi-4_9-2015q2-20150609/install-native/lib/gcc/arm-none-eabi/4.9.3/../../../../arm-none-eabi/lib/armv6-m/libc_nano.a
LOAD /root/gcc-arm-none-eabi-4_9-2015q2-20150609/install-native/lib/gcc/arm-none-eabi/4.9.3/armv6-m/libgcc.a
LOAD /root/gcc-arm-none-eabi-4_9-2015q2-20150609/install-native/lib/gcc/arm-none-eabi/4.9.3/../../../../arm-none-eabi/lib/armv6-m/libnosys.a
LOAD /root/gcc-arm-none-eabi-4_9-2015q2-20150609/install-native/lib/gcc/arm-none-eabi/4.9.3/../../../../arm-none-eabi/lib/armv6-m/libstdc++_nano.a
LOAD /root/gcc-arm-none-eabi-4_9-2015q2-20150609/install-native/lib/gcc/arm-none-eabi/4.9.3/../../../../arm-none-eabi/lib/armv6-m/libsupc++_nano.a
LOAD /root/gcc-arm-none-eabi-4_9-2015q2-20150609/install-native/lib/gcc/arm-none-eabi/4.9.3/../../../../arm-none-eabi/lib/armv6-m/libm.a
LOAD /root/gcc-arm-none-eabi-4_9-2015q2-20150609/install-native/lib/gcc/arm-none-eabi/4.9.3/../../../../arm-none-eabi/lib/armv6-m/libc_nano.a
LOAD /root/gcc-arm-none-eabi-4_9-2015q2-20150609/install-native/lib/gcc/arm-none-eabi/4.9.3/armv6-m/libgcc.a
LOAD /root/gcc-arm-none-eabi-4_9-2015q2-20150609/install-native/lib/gcc/arm-none-eabi/4.9.3/../../../../arm-none-eabi/lib/armv6-m/libnosys.a
START GROUP
LOAD /root/gcc-arm-none-eabi-4_9-2015q2-20150609/install-native/lib/gcc/arm-none-eabi/4.9.3/armv6-m/libgcc.a
LOAD /root/gcc-arm-none-eabi-4_9-2015q2-20150609/install-native/lib/gcc/arm-none-eabi/4.9.3/../../../../arm-none-eabi/lib/armv6-m/libc_nano.a
END GROUP
START GROUP
LOAD /root/gcc-arm-none-eabi-4_9-2015q2-20150609/install-native/lib/gcc/arm-none-eabi/4.9.3/armv6-m/libgcc.a
LOAD /root/gcc-arm-none-eabi-4_9-2015q2-20150609/install-native/lib/gcc/arm-none-eabi/4.9.3/../../../../arm-none-eabi/lib/armv6-m/libc_nano.a
END GROUP
LOAD /root/gcc-arm-none-eabi-4_9-2015q2-20150609/install-native/lib/gcc/arm-none-eabi/4.9.3/armv6-m/crtend.o
LOAD /root/gcc-arm-none-eabi-4_9-2015q2-20150609/install-native/lib/gcc/arm-none-eabi/4.9.3/armv6-m/crtn.o

.text           0x08000000     0x2dac
 *(.isr_vector)
 .isr_vector    0x08000000       0xc0 mbed-src/targets/cmsis/TARGET_STM/TARGET_STM32F0/TARGET_NUCLEO_F030R8/TOOLCHAIN_GCC_ARM/startup_stm32f030x8.o
                0x08000000                g_pfnVectors
 *(.text*)
 .text          0x080000c0       0x60 /root/gcc-arm-none-eabi-4_9-2015q2-20150609/install-native/lib/gcc/arm-none-eabi/4.9.3/armv6-m/crtbegin.o
 .text          0x08000120       0x78 /root/gcc-arm-none-eabi-4_9-2015q2-20150609/install-native/lib/gcc/arm-none-eabi/4.9.3/../../../../arm-none-eabi/lib/armv6-m/crt0.o
                0x08000120                _mainCRTStartup
                0x08000120                _start
 .text.Reset_Handler
                0x08000198       0x50 mbed-src/targets/cmsis/TARGET_STM/TARGET_STM32F0/TARGET_NUCLEO_F030R8/TOOLCHAIN_GCC_ARM/startup_stm32f030x8.o
                0x08000198                Reset_Handler
 .text.Default_Handler
                0x080001e8        0x2 mbed-src/targets/cmsis/TARGET_STM/TARGET_STM32F0/TARGET_NUCLEO_F030R8/TOOLCHAIN_GCC_ARM/startup_stm32f030x8.o
                0x080001e8                TIM1_CC_IRQHandler
                0x080001e8                HardFault_Handler
                0x080001e8                TIM6_IRQHandler
                0x080001e8                SysTick_Handler
                0x080001e8                PendSV_Handler
                0x080001e8                NMI_Handler
                0x080001e8                I2C1_IRQHandler
                0x080001e8                SPI1_IRQHandler
                0x080001e8                EXTI2_3_IRQHandler
                0x080001e8                ADC1_IRQHandler
                0x080001e8                I2C2_IRQHandler
                0x080001e8                TIM17_IRQHandler
                0x080001e8                RTC_IRQHandler
                0x080001e8                TIM16_IRQHandler
                0x080001e8                TIM3_IRQHandler
                0x080001e8                EXTI4_15_IRQHandler
                0x080001e8                RCC_IRQHandler
                0x080001e8                DMA1_Channel1_IRQHandler
                0x080001e8                Default_Handler
                0x080001e8                TIM14_IRQHandler
                0x080001e8                DMA1_Channel4_5_IRQHandler
                0x080001e8                TIM15_IRQHandler
                0x080001e8                EXTI0_1_IRQHandler
                0x080001e8                SPI2_IRQHandler
                0x080001e8                SVC_Handler
                0x080001e8                WWDG_IRQHandler
                0x080001e8                DMA1_Channel2_3_IRQHandler
                0x080001e8                USART2_IRQHandler
                0x080001e8                FLASH_IRQHandler
                0x080001e8                USART1_IRQHandler
                0x080001e8                TIM1_BRK_UP_TRG_COM_IRQHandler
 *fill*         0x080001ea        0x2 
 .text.init_uart
                0x080001ec       0x50 mbed-src/targets/hal/TARGET_STM/TARGET_STM32F0/serial_api.o
 .text.serial_init
                0x0800023c       0xc8 mbed-src/targets/hal/TARGET_STM/TARGET_STM32F0/serial_api.o
                0x0800023c                serial_init
 .text.serial_readable
                0x08000304       0x14 mbed-src/targets/hal/TARGET_STM/TARGET_STM32F0/serial_api.o
                0x08000304                serial_readable
 .text.serial_getc
                0x08000318       0x16 mbed-src/targets/hal/TARGET_STM/TARGET_STM32F0/serial_api.o
                0x08000318                serial_getc
 *fill*         0x0800032e        0x2 
 .text.serial_writable
                0x08000330       0x14 mbed-src/targets/hal/TARGET_STM/TARGET_STM32F0/serial_api.o
                0x08000330                serial_writable
 .text.serial_putc
                0x08000344       0x18 mbed-src/targets/hal/TARGET_STM/TARGET_STM32F0/serial_api.o
                0x08000344                serial_putc
 .text.Set_GPIO_Clock
                0x0800035c       0x84 mbed-src/targets/hal/TARGET_STM/TARGET_STM32F0/pinmap.o
                0x0800035c                Set_GPIO_Clock
 .text.pin_function
                0x080003e0       0x48 mbed-src/targets/hal/TARGET_STM/TARGET_STM32F0/pinmap.o
                0x080003e0                pin_function
 .text.pin_mode
                0x08000428       0x38 mbed-src/targets/hal/TARGET_STM/TARGET_STM32F0/pinmap.o
                0x08000428                pin_mode
 .text.set_compare
                0x08000460       0x1c mbed-src/targets/hal/TARGET_STM/TARGET_STM32F0/us_ticker.o
                0x08000460                set_compare
 .text.us_ticker_init
                0x0800047c       0x18 mbed-src/targets/hal/TARGET_STM/TARGET_STM32F0/us_ticker.o
                0x0800047c                us_ticker_init
 .text.us_ticker_read
                0x08000494       0x3c mbed-src/targets/hal/TARGET_STM/TARGET_STM32F0/us_ticker.o
                0x08000494                us_ticker_read
 .text.us_ticker_set_interrupt
                0x080004d0       0x64 mbed-src/targets/hal/TARGET_STM/TARGET_STM32F0/us_ticker.o
                0x080004d0                us_ticker_set_interrupt
 .text.us_ticker_disable_interrupt
                0x08000534       0x18 mbed-src/targets/hal/TARGET_STM/TARGET_STM32F0/us_ticker.o
                0x08000534                us_ticker_disable_interrupt
 .text.us_ticker_clear_interrupt
                0x0800054c       0x1c mbed-src/targets/hal/TARGET_STM/TARGET_STM32F0/us_ticker.o
                0x0800054c                us_ticker_clear_interrupt
 .text.gpio_set
                0x08000568       0x16 mbed-src/targets/hal/TARGET_STM/TARGET_STM32F0/gpio_api.o
                0x08000568                gpio_set
 .text.gpio_init
                0x0800057e       0x2e mbed-src/targets/hal/TARGET_STM/TARGET_STM32F0/gpio_api.o
                0x0800057e                gpio_init
 .text.gpio_mode
                0x080005ac        0xc mbed-src/targets/hal/TARGET_STM/TARGET_STM32F0/gpio_api.o
                0x080005ac                gpio_mode
 .text.gpio_dir
                0x080005b8       0x12 mbed-src/targets/hal/TARGET_STM/TARGET_STM32F0/gpio_api.o
                0x080005b8                gpio_dir
 .text.mbed_sdk_init
                0x080005ca        0x8 mbed-src/targets/hal/TARGET_STM/TARGET_STM32F0/mbed_overrides.o
                0x080005ca                mbed_sdk_init
 *fill*         0x080005d2        0x2 
 .text.HAL_RCC_GetHCLKFreq
                0x080005d4       0x28 mbed-src/targets/cmsis/TARGET_STM/TARGET_STM32F0/stm32f0xx_hal_rcc.o
                0x080005d4                HAL_RCC_GetHCLKFreq
 .text.HAL_RCC_GetPCLK1Freq
                0x080005fc       0x20 mbed-src/targets/cmsis/TARGET_STM/TARGET_STM32F0/stm32f0xx_hal_rcc.o
                0x080005fc                HAL_RCC_GetPCLK1Freq
 .text.HAL_MspInit
                0x0800061c        0x2 mbed-src/targets/cmsis/TARGET_STM/TARGET_STM32F0/stm32f0xx_hal.o
                0x0800061c                HAL_MspInit
 *fill*         0x0800061e        0x2 
 .text.HAL_Init
                0x08000620       0x20 mbed-src/targets/cmsis/TARGET_STM/TARGET_STM32F0/stm32f0xx_hal.o
                0x08000620                HAL_Init
 .text.HAL_IncTick
                0x08000640       0x10 mbed-src/targets/cmsis/TARGET_STM/TARGET_STM32F0/stm32f0xx_hal.o
                0x08000640                HAL_IncTick
 .text.HAL_GetTick
                0x08000650        0xc mbed-src/targets/cmsis/TARGET_STM/TARGET_STM32F0/stm32f0xx_hal.o
                0x08000650                HAL_GetTick
 .text.HAL_GPIO_Init
                0x0800065c      0x154 mbed-src/targets/cmsis/TARGET_STM/TARGET_STM32F0/stm32f0xx_hal_gpio.o
                0x0800065c                HAL_GPIO_Init
 .text.HAL_RCC_OscConfig
                0x080007b0      0x358 mbed-src/targets/cmsis/TARGET_STM/TARGET_STM32F0/stm32f0xx_hal_rcc_ex.o
                0x080007b0                HAL_RCC_OscConfig
 .text.HAL_RCC_ClockConfig
                0x08000b08      0x1a4 mbed-src/targets/cmsis/TARGET_STM/TARGET_STM32F0/stm32f0xx_hal_rcc_ex.o
                0x08000b08                HAL_RCC_ClockConfig
 .text.HAL_RCC_GetSysClockFreq
                0x08000cac       0x4c mbed-src/targets/cmsis/TARGET_STM/TARGET_STM32F0/stm32f0xx_hal_rcc_ex.o
                0x08000cac                HAL_RCC_GetSysClockFreq
 .text.HAL_TIM_Base_MspInit
                0x08000cf8        0x2 mbed-src/targets/cmsis/TARGET_STM/TARGET_STM32F0/stm32f0xx_hal_tim.o
                0x08000cf8                HAL_TIM_Base_MspInit
 .text.HAL_TIM_Base_Start
                0x08000cfa       0x18 mbed-src/targets/cmsis/TARGET_STM/TARGET_STM32F0/stm32f0xx_hal_tim.o
                0x08000cfa                HAL_TIM_Base_Start
 *fill*         0x08000d12        0x2 
 .text.TIM_Base_SetConfig
                0x08000d14       0x88 mbed-src/targets/cmsis/TARGET_STM/TARGET_STM32F0/stm32f0xx_hal_tim.o
                0x08000d14                TIM_Base_SetConfig
 .text.HAL_TIM_Base_Init
                0x08000d9c       0x2e mbed-src/targets/cmsis/TARGET_STM/TARGET_STM32F0/stm32f0xx_hal_tim.o
                0x08000d9c                HAL_TIM_Base_Init
 .text.TIM_CCxChannelCmd
                0x08000dca       0x16 mbed-src/targets/cmsis/TARGET_STM/TARGET_STM32F0/stm32f0xx_hal_tim.o
                0x08000dca                TIM_CCxChannelCmd
 .text.HAL_TIM_OC_Start
                0x08000de0       0x4c mbed-src/targets/cmsis/TARGET_STM/TARGET_STM32F0/stm32f0xx_hal_tim.o
                0x08000de0                HAL_TIM_OC_Start
 .text.HAL_UART_MspInit
                0x08000e2c        0x2 mbed-src/targets/cmsis/TARGET_STM/TARGET_STM32F0/stm32f0xx_hal_uart.o
                0x08000e2c                HAL_UART_MspInit
 *fill*         0x08000e2e        0x2 
 .text.UART_WaitOnFlagUntilTimeout
                0x08000e30       0x90 mbed-src/targets/cmsis/TARGET_STM/TARGET_STM32F0/stm32f0xx_hal_uart.o
                0x08000e30                UART_WaitOnFlagUntilTimeout
 .text.UART_CheckIdleState
                0x08000ec0       0x54 mbed-src/targets/cmsis/TARGET_STM/TARGET_STM32F0/stm32f0xx_hal_uart.o
                0x08000ec0                UART_CheckIdleState
 .text.UART_SetConfig
                0x08000f14      0x11c mbed-src/targets/cmsis/TARGET_STM/TARGET_STM32F0/stm32f0xx_hal_uart.o
                0x08000f14                UART_SetConfig
 .text.UART_AdvFeatureConfig
                0x08001030       0xd0 mbed-src/targets/cmsis/TARGET_STM/TARGET_STM32F0/stm32f0xx_hal_uart.o
                0x08001030                UART_AdvFeatureConfig
 .text.HAL_UART_Init
                0x08001100       0x64 mbed-src/targets/cmsis/TARGET_STM/TARGET_STM32F0/stm32f0xx_hal_uart.o
                0x08001100                HAL_UART_Init
 .text.NVIC_SetVector
                0x08001164       0x48 mbed-src/targets/cmsis/TARGET_STM/TARGET_STM32F0/TARGET_NUCLEO_F030R8/cmsis_nvic.o
                0x08001164                NVIC_SetVector
 .text.SystemCoreClockUpdate
                0x080011ac       0x64 mbed-src/targets/cmsis/TARGET_STM/TARGET_STM32F0/TARGET_NUCLEO_F030R8/system_stm32f0xx.o
                0x080011ac                SystemCoreClockUpdate
 .text.SetSysClock_PLL_HSE
                0x08001210       0x54 mbed-src/targets/cmsis/TARGET_STM/TARGET_STM32F0/TARGET_NUCLEO_F030R8/system_stm32f0xx.o
                0x08001210                SetSysClock_PLL_HSE
 .text.SetSysClock_PLL_HSI
                0x08001264       0x44 mbed-src/targets/cmsis/TARGET_STM/TARGET_STM32F0/TARGET_NUCLEO_F030R8/system_stm32f0xx.o
                0x08001264                SetSysClock_PLL_HSI
 .text.SetSysClock
                0x080012a8       0x20 mbed-src/targets/cmsis/TARGET_STM/TARGET_STM32F0/TARGET_NUCLEO_F030R8/system_stm32f0xx.o
                0x080012a8                SetSysClock
 .text.SystemInit
                0x080012c8       0x78 mbed-src/targets/cmsis/TARGET_STM/TARGET_STM32F0/TARGET_NUCLEO_F030R8/system_stm32f0xx.o
                0x080012c8                SystemInit
 .text.timer_oc_irq_handler
                0x08001340       0x94 mbed-src/targets/cmsis/TARGET_STM/TARGET_STM32F0/TARGET_NUCLEO_F030R8/hal_tick.o
                0x08001340                timer_oc_irq_handler
 .text.timer_update_irq_handler
                0x080013d4       0x28 mbed-src/targets/cmsis/TARGET_STM/TARGET_STM32F0/TARGET_NUCLEO_F030R8/hal_tick.o
                0x080013d4                timer_update_irq_handler
 .text.HAL_InitTick
                0x080013fc       0xd8 mbed-src/targets/cmsis/TARGET_STM/TARGET_STM32F0/TARGET_NUCLEO_F030R8/hal_tick.o
                0x080013fc                HAL_InitTick
 .text.us_ticker_irq_handler
                0x080014d4       0x10 mbed-src/common/us_ticker_api.o
                0x080014d4                us_ticker_irq_handler
 .text.error    0x080014e4       0x20 mbed-src/common/error.o
                0x080014e4                error
 .text.pinmap_pinout
                0x08001504       0x38 mbed-src/common/pinmap_common.o
                0x08001504                pinmap_pinout
 .text.pinmap_merge
                0x0800153c       0x28 mbed-src/common/pinmap_common.o
                0x0800153c                pinmap_merge
 .text.pinmap_find_peripheral
                0x08001564       0x18 mbed-src/common/pinmap_common.o
                0x08001564                pinmap_find_peripheral
 .text.pinmap_peripheral
                0x0800157c       0x20 mbed-src/common/pinmap_common.o
                0x0800157c                pinmap_peripheral
 .text.gpio_init_out_ex
                0x0800159c       0x30 mbed-src/common/gpio.o
                0x0800159c                gpio_init_out_ex
 .text.gpio_init_out
                0x080015cc        0xa mbed-src/common/gpio.o
                0x080015cc                gpio_init_out
 .text.ticker_irq_handler
                0x080015d6       0x46 mbed-src/common/ticker_api.o
                0x080015d6                ticker_irq_handler
 .text.wait_us  0x0800161c       0x16 mbed-src/common/wait_api.o
                0x0800161c                wait_us
 *fill*         0x08001632        0x2 
 .text.wait     0x08001634       0x18 mbed-src/common/wait_api.o
                0x08001634                wait
 .text.wait_ms  0x0800164c        0xe mbed-src/common/wait_api.o
                0x0800164c                wait_ms
 .text.mbed_die
                0x0800165a       0x12 mbed-src/common/board.o
                0x0800165a                mbed_die
 .text.startup.main
                0x0800166c       0x28 main.o
                0x0800166c                main
 .text.startup._GLOBAL__sub_I_myled
                0x08001694       0x1c main.o
 .text._ZL11init_serialv
                0x080016b0       0x20 mbed-src/common/retarget.o
 .text._close   0x080016d0       0x2c mbed-src/common/retarget.o
                0x080016d0                _close
 .text._write   0x080016fc       0x54 mbed-src/common/retarget.o
                0x080016fc                _write
 .text._read    0x08001750       0x48 mbed-src/common/retarget.o
                0x08001750                _read
 .text._isatty  0x08001798       0x28 mbed-src/common/retarget.o
                0x08001798                _isatty
 .text._lseek   0x080017c0       0x28 mbed-src/common/retarget.o
                0x080017c0                _lseek
 .text._fstat   0x080017e8       0x1e mbed-src/common/retarget.o
                0x080017e8                _fstat
 .text.mbed_main
                0x08001806        0x2 mbed-src/common/retarget.o
                0x08001806                mbed_main
 .text.__wrap_main
                0x08001808       0x10 mbed-src/common/retarget.o
                0x08001808                __wrap_main
 .text._sbrk    0x08001818       0x28 mbed-src/common/retarget.o
                0x08001818                _sbrk
 .text._exit    0x08001840       0x24 mbed-src/common/retarget.o
                0x08001840                _exit
 .text.__errno  0x08001864        0xc /root/gcc-arm-none-eabi-4_9-2015q2-20150609/install-native/lib/gcc/arm-none-eabi/4.9.3/../../../../arm-none-eabi/lib/armv6-m/libc_nano.a(lib_a-errno.o)
                0x08001864                __errno
 .text.exit     0x08001870       0x2c /root/gcc-arm-none-eabi-4_9-2015q2-20150609/install-native/lib/gcc/arm-none-eabi/4.9.3/../../../../arm-none-eabi/lib/armv6-m/libc_nano.a(lib_a-exit.o)
                0x08001870                exit
 .text.__sflush_r
                0x0800189c      0x112 /root/gcc-arm-none-eabi-4_9-2015q2-20150609/install-native/lib/gcc/arm-none-eabi/4.9.3/../../../../arm-none-eabi/lib/armv6-m/libc_nano.a(lib_a-fflush.o)
                0x0800189c                __sflush_r
 *fill*         0x080019ae        0x2 
 .text._fflush_r
                0x080019b0       0x58 /root/gcc-arm-none-eabi-4_9-2015q2-20150609/install-native/lib/gcc/arm-none-eabi/4.9.3/../../../../arm-none-eabi/lib/armv6-m/libc_nano.a(lib_a-fflush.o)
                0x080019b0                _fflush_r
 .text.fflush   0x08001a08       0x28 /root/gcc-arm-none-eabi-4_9-2015q2-20150609/install-native/lib/gcc/arm-none-eabi/4.9.3/../../../../arm-none-eabi/lib/armv6-m/libc_nano.a(lib_a-fflush.o)
                0x08001a08                fflush
 .text._cleanup_r
                0x08001a30       0x10 /root/gcc-arm-none-eabi-4_9-2015q2-20150609/install-native/lib/gcc/arm-none-eabi/4.9.3/../../../../arm-none-eabi/lib/armv6-m/libc_nano.a(lib_a-findfp.o)
                0x08001a30                _cleanup_r
 .text.std.isra.0
                0x08001a40       0x48 /root/gcc-arm-none-eabi-4_9-2015q2-20150609/install-native/lib/gcc/arm-none-eabi/4.9.3/../../../../arm-none-eabi/lib/armv6-m/libc_nano.a(lib_a-findfp.o)
 .text.__sfmoreglue
                0x08001a88       0x2c /root/gcc-arm-none-eabi-4_9-2015q2-20150609/install-native/lib/gcc/arm-none-eabi/4.9.3/../../../../arm-none-eabi/lib/armv6-m/libc_nano.a(lib_a-findfp.o)
                0x08001a88                __sfmoreglue
 .text.__sinit  0x08001ab4       0x64 /root/gcc-arm-none-eabi-4_9-2015q2-20150609/install-native/lib/gcc/arm-none-eabi/4.9.3/../../../../arm-none-eabi/lib/armv6-m/libc_nano.a(lib_a-findfp.o)
                0x08001ab4                __sinit
 .text.__sfp    0x08001b18       0x7c /root/gcc-arm-none-eabi-4_9-2015q2-20150609/install-native/lib/gcc/arm-none-eabi/4.9.3/../../../../arm-none-eabi/lib/armv6-m/libc_nano.a(lib_a-findfp.o)
                0x08001b18                __sfp
 .text._fwalk_reent
                0x08001b94       0x42 /root/gcc-arm-none-eabi-4_9-2015q2-20150609/install-native/lib/gcc/arm-none-eabi/4.9.3/../../../../arm-none-eabi/lib/armv6-m/libc_nano.a(lib_a-fwalk.o)
                0x08001b94                _fwalk_reent
 *fill*         0x08001bd6        0x2 
 .text.__libc_init_array
                0x08001bd8       0x4c /root/gcc-arm-none-eabi-4_9-2015q2-20150609/install-native/lib/gcc/arm-none-eabi/4.9.3/../../../../arm-none-eabi/lib/armv6-m/libc_nano.a(lib_a-init.o)
                0x08001bd8                __libc_init_array
 .text.__smakebuf_r
                0x08001c24       0xb0 /root/gcc-arm-none-eabi-4_9-2015q2-20150609/install-native/lib/gcc/arm-none-eabi/4.9.3/../../../../arm-none-eabi/lib/armv6-m/libc_nano.a(lib_a-makebuf.o)
                0x08001c24                __smakebuf_r
 .text.memchr   0x08001cd4       0x16 /root/gcc-arm-none-eabi-4_9-2015q2-20150609/install-native/lib/gcc/arm-none-eabi/4.9.3/../../../../arm-none-eabi/lib/armv6-m/libc_nano.a(lib_a-memchr.o)
                0x08001cd4                memchr
 .text.memcpy   0x08001cea       0x12 /root/gcc-arm-none-eabi-4_9-2015q2-20150609/install-native/lib/gcc/arm-none-eabi/4.9.3/../../../../arm-none-eabi/lib/armv6-m/libc_nano.a(lib_a-memcpy.o)
                0x08001cea                memcpy
 .text.memset   0x08001cfc       0x10 /root/gcc-arm-none-eabi-4_9-2015q2-20150609/install-native/lib/gcc/arm-none-eabi/4.9.3/../../../../arm-none-eabi/lib/armv6-m/libc_nano.a(lib_a-memset.o)
                0x08001cfc                memset
 .text._free_r  0x08001d0c       0x8c /root/gcc-arm-none-eabi-4_9-2015q2-20150609/install-native/lib/gcc/arm-none-eabi/4.9.3/../../../../arm-none-eabi/lib/armv6-m/libc_nano.a(lib_a-nano-freer.o)
                0x08001d0c                _free_r
 .text._malloc_r
                0x08001d98       0xb0 /root/gcc-arm-none-eabi-4_9-2015q2-20150609/install-native/lib/gcc/arm-none-eabi/4.9.3/../../../../arm-none-eabi/lib/armv6-m/libc_nano.a(lib_a-nano-mallocr.o)
                0x08001d98                _malloc_r
 .text.__sfputc_r
                0x08001e48       0x2a /root/gcc-arm-none-eabi-4_9-2015q2-20150609/install-native/lib/gcc/arm-none-eabi/4.9.3/../../../../arm-none-eabi/lib/armv6-m/libc_nano.a(lib_a-nano-vfprintf.o)
 .text.__sfputs_r
                0x08001e72       0x24 /root/gcc-arm-none-eabi-4_9-2015q2-20150609/install-native/lib/gcc/arm-none-eabi/4.9.3/../../../../arm-none-eabi/lib/armv6-m/libc_nano.a(lib_a-nano-vfprintf.o)
                0x08001e72                __sfputs_r
 *fill*         0x08001e96        0x2 
 .text._vfprintf_r
                0x08001e98      0x220 /root/gcc-arm-none-eabi-4_9-2015q2-20150609/install-native/lib/gcc/arm-none-eabi/4.9.3/../../../../arm-none-eabi/lib/armv6-m/libc_nano.a(lib_a-nano-vfprintf.o)
                0x08001e98                _vfiprintf_r
                0x08001e98                _vfprintf_r
 .text.vfprintf
                0x080020b8       0x1c /root/gcc-arm-none-eabi-4_9-2015q2-20150609/install-native/lib/gcc/arm-none-eabi/4.9.3/../../../../arm-none-eabi/lib/armv6-m/libc_nano.a(lib_a-nano-vfprintf.o)
                0x080020b8                vfiprintf
                0x080020b8                vfprintf
 .text._printf_common
                0x080020d4       0xdc /root/gcc-arm-none-eabi-4_9-2015q2-20150609/install-native/lib/gcc/arm-none-eabi/4.9.3/../../../../arm-none-eabi/lib/armv6-m/libc_nano.a(lib_a-nano-vfprintf_i.o)
                0x080020d4                _printf_common
 .text._printf_i
                0x080021b0      0x230 /root/gcc-arm-none-eabi-4_9-2015q2-20150609/install-native/lib/gcc/arm-none-eabi/4.9.3/../../../../arm-none-eabi/lib/armv6-m/libc_nano.a(lib_a-nano-vfprintf_i.o)
                0x080021b0                _printf_i
 .text._sbrk_r  0x080023e0       0x24 /root/gcc-arm-none-eabi-4_9-2015q2-20150609/install-native/lib/gcc/arm-none-eabi/4.9.3/../../../../arm-none-eabi/lib/armv6-m/libc_nano.a(lib_a-sbrkr.o)
                0x080023e0                _sbrk_r
 .text.__sread  0x08002404       0x28 /root/gcc-arm-none-eabi-4_9-2015q2-20150609/install-native/lib/gcc/arm-none-eabi/4.9.3/../../../../arm-none-eabi/lib/armv6-m/libc_nano.a(lib_a-stdio.o)
                0x08002404                __sread
 .text.__swrite
                0x0800242c       0x38 /root/gcc-arm-none-eabi-4_9-2015q2-20150609/install-native/lib/gcc/arm-none-eabi/4.9.3/../../../../arm-none-eabi/lib/armv6-m/libc_nano.a(lib_a-stdio.o)
                0x0800242c                __swrite
 .text.__sseek  0x08002464       0x2c /root/gcc-arm-none-eabi-4_9-2015q2-20150609/install-native/lib/gcc/arm-none-eabi/4.9.3/../../../../arm-none-eabi/lib/armv6-m/libc_nano.a(lib_a-stdio.o)
                0x08002464                __sseek
 .text.__sclose
                0x08002490        0xc /root/gcc-arm-none-eabi-4_9-2015q2-20150609/install-native/lib/gcc/arm-none-eabi/4.9.3/../../../../arm-none-eabi/lib/armv6-m/libc_nano.a(lib_a-stdio.o)
                0x08002490                __sclose
 .text.__swbuf_r
                0x0800249c       0xb0 /root/gcc-arm-none-eabi-4_9-2015q2-20150609/install-native/lib/gcc/arm-none-eabi/4.9.3/../../../../arm-none-eabi/lib/armv6-m/libc_nano.a(lib_a-wbuf.o)
                0x0800249c                __swbuf_r
 .text._write_r
                0x0800254c       0x28 /root/gcc-arm-none-eabi-4_9-2015q2-20150609/install-native/lib/gcc/arm-none-eabi/4.9.3/../../../../arm-none-eabi/lib/armv6-m/libc_nano.a(lib_a-writer.o)
                0x0800254c                _write_r
 .text.__swsetup_r
                0x08002574       0xe8 /root/gcc-arm-none-eabi-4_9-2015q2-20150609/install-native/lib/gcc/arm-none-eabi/4.9.3/../../../../arm-none-eabi/lib/armv6-m/libc_nano.a(lib_a-wsetup.o)
                0x08002574                __swsetup_r
 .text._close_r
                0x0800265c       0x24 /root/gcc-arm-none-eabi-4_9-2015q2-20150609/install-native/lib/gcc/arm-none-eabi/4.9.3/../../../../arm-none-eabi/lib/armv6-m/libc_nano.a(lib_a-closer.o)
                0x0800265c                _close_r
 .text._fstat_r
                0x08002680       0x24 /root/gcc-arm-none-eabi-4_9-2015q2-20150609/install-native/lib/gcc/arm-none-eabi/4.9.3/../../../../arm-none-eabi/lib/armv6-m/libc_nano.a(lib_a-fstatr.o)
                0x08002680                _fstat_r
 .text._isatty_r
                0x080026a4       0x24 /root/gcc-arm-none-eabi-4_9-2015q2-20150609/install-native/lib/gcc/arm-none-eabi/4.9.3/../../../../arm-none-eabi/lib/armv6-m/libc_nano.a(lib_a-isattyr.o)
                0x080026a4                _isatty_r
 .text._lseek_r
                0x080026c8       0x28 /root/gcc-arm-none-eabi-4_9-2015q2-20150609/install-native/lib/gcc/arm-none-eabi/4.9.3/../../../../arm-none-eabi/lib/armv6-m/libc_nano.a(lib_a-lseekr.o)
                0x080026c8                _lseek_r
 .text._read_r  0x080026f0       0x28 /root/gcc-arm-none-eabi-4_9-2015q2-20150609/install-native/lib/gcc/arm-none-eabi/4.9.3/../../../../arm-none-eabi/lib/armv6-m/libc_nano.a(lib_a-readr.o)
                0x080026f0                _read_r
 .text          0x08002718       0x14 /root/gcc-arm-none-eabi-4_9-2015q2-20150609/install-native/lib/gcc/arm-none-eabi/4.9.3/armv6-m/libgcc.a(_thumb1_case_uqi.o)
                0x08002718                __gnu_thumb1_case_uqi
 .text          0x0800272c      0x120 /root/gcc-arm-none-eabi-4_9-2015q2-20150609/install-native/lib/gcc/arm-none-eabi/4.9.3/armv6-m/libgcc.a(_udivsi3.o)
                0x0800272c                __udivsi3
                0x0800272c                __aeabi_uidiv
                0x08002838                __aeabi_uidivmod
 .text          0x0800284c        0x4 /root/gcc-arm-none-eabi-4_9-2015q2-20150609/install-native/lib/gcc/arm-none-eabi/4.9.3/armv6-m/libgcc.a(_dvmd_tls.o)
                0x0800284c                __aeabi_ldiv0
                0x0800284c                __aeabi_idiv0
 .text          0x08002850      0x264 /root/gcc-arm-none-eabi-4_9-2015q2-20150609/install-native/lib/gcc/arm-none-eabi/4.9.3/armv6-m/libgcc.a(mulsf3.o)
                0x08002850                __aeabi_fmul
 .text          0x08002ab4       0x40 /root/gcc-arm-none-eabi-4_9-2015q2-20150609/install-native/lib/gcc/arm-none-eabi/4.9.3/armv6-m/libgcc.a(fixsfsi.o)
                0x08002ab4                __aeabi_f2iz
 .text          0x08002af4       0x3c /root/gcc-arm-none-eabi-4_9-2015q2-20150609/install-native/lib/gcc/arm-none-eabi/4.9.3/armv6-m/libgcc.a(_clzsi2.o)
                0x08002af4                __clzsi2
 *(.init)
 .init          0x08002b30        0x4 /root/gcc-arm-none-eabi-4_9-2015q2-20150609/install-native/lib/gcc/arm-none-eabi/4.9.3/armv6-m/crti.o
                0x08002b30                _init
 .init          0x08002b34        0x8 /root/gcc-arm-none-eabi-4_9-2015q2-20150609/install-native/lib/gcc/arm-none-eabi/4.9.3/armv6-m/crtn.o
 *(.fini)
 .fini          0x08002b3c        0x4 /root/gcc-arm-none-eabi-4_9-2015q2-20150609/install-native/lib/gcc/arm-none-eabi/4.9.3/armv6-m/crti.o
                0x08002b3c                _fini
 .fini          0x08002b40        0x8 /root/gcc-arm-none-eabi-4_9-2015q2-20150609/install-native/lib/gcc/arm-none-eabi/4.9.3/armv6-m/crtn.o
 *crtbegin.o(.ctors)
 *crtbegin?.o(.ctors)
 *(EXCLUDE_FILE(*crtend.o *crtend?.o) .ctors)
 *(SORT(.ctors.*))
 *(.ctors)
 *crtbegin.o(.dtors)
 *crtbegin?.o(.dtors)
 *(EXCLUDE_FILE(*crtend.o *crtend?.o) .dtors)
 *(SORT(.dtors.*))
 *(.dtors)
 *(.rodata*)
 .rodata.str1.1
                0x08002b48       0x21 mbed-src/targets/hal/TARGET_STM/TARGET_STM32F0/pinmap.o
 *fill*         0x08002b69        0x3 
 .rodata.gpio_mode
                0x08002b6c       0x34 mbed-src/targets/hal/TARGET_STM/TARGET_STM32F0/pinmap.o
 .rodata.PinMap_UART_RX
                0x08002ba0       0x3c mbed-src/targets/hal/TARGET_STM/TARGET_STM32F0/TARGET_NUCLEO_F030R8/PeripheralPins.o
                0x08002ba0                PinMap_UART_RX
 .rodata.PinMap_UART_TX
                0x08002bdc       0x30 mbed-src/targets/hal/TARGET_STM/TARGET_STM32F0/TARGET_NUCLEO_F030R8/PeripheralPins.o
                0x08002bdc                PinMap_UART_TX
 .rodata.APBAHBPrescTable
                0x08002c0c       0x10 mbed-src/targets/cmsis/TARGET_STM/TARGET_STM32F0/stm32f0xx_hal_rcc.o
                0x08002c0c                APBAHBPrescTable
 .rodata.PredivFactorTable
                0x08002c1c       0x10 mbed-src/targets/cmsis/TARGET_STM/TARGET_STM32F0/stm32f0xx_hal_rcc_ex.o
                0x08002c1c                PredivFactorTable
 .rodata.PLLMULFactorTable
                0x08002c2c       0x10 mbed-src/targets/cmsis/TARGET_STM/TARGET_STM32F0/stm32f0xx_hal_rcc_ex.o
                0x08002c2c                PLLMULFactorTable
 .rodata.CSWTCH.38
                0x08002c3c        0x4 mbed-src/targets/cmsis/TARGET_STM/TARGET_STM32F0/stm32f0xx_hal_uart.o
 .rodata.AHBPrescTable
                0x08002c40       0x10 mbed-src/targets/cmsis/TARGET_STM/TARGET_STM32F0/TARGET_NUCLEO_F030R8/system_stm32f0xx.o
                0x08002c40                AHBPrescTable
 .rodata.us_interface
                0x08002c50       0x14 mbed-src/common/us_ticker_api.o
 .rodata.us_data
                0x08002c64        0x8 mbed-src/common/us_ticker_api.o
 .rodata.str1.1
                0x08002c6c       0x60 mbed-src/common/pinmap_common.o
 .rodata.__sf_fake_stdin
                0x08002ccc       0x20 /root/gcc-arm-none-eabi-4_9-2015q2-20150609/install-native/lib/gcc/arm-none-eabi/4.9.3/../../../../arm-none-eabi/lib/armv6-m/libc_nano.a(lib_a-findfp.o)
                0x08002ccc                __sf_fake_stdin
 .rodata.__sf_fake_stdout
                0x08002cec       0x20 /root/gcc-arm-none-eabi-4_9-2015q2-20150609/install-native/lib/gcc/arm-none-eabi/4.9.3/../../../../arm-none-eabi/lib/armv6-m/libc_nano.a(lib_a-findfp.o)
                0x08002cec                __sf_fake_stdout
 .rodata.__sf_fake_stderr
                0x08002d0c       0x20 /root/gcc-arm-none-eabi-4_9-2015q2-20150609/install-native/lib/gcc/arm-none-eabi/4.9.3/../../../../arm-none-eabi/lib/armv6-m/libc_nano.a(lib_a-findfp.o)
                0x08002d0c                __sf_fake_stderr
 .rodata.str1.1
                0x08002d2c        0x2 /root/gcc-arm-none-eabi-4_9-2015q2-20150609/install-native/lib/gcc/arm-none-eabi/4.9.3/../../../../arm-none-eabi/lib/armv6-m/libc_nano.a(lib_a-impure.o)
 *fill*         0x08002d2e        0x2 
 .rodata._global_impure_ptr
                0x08002d30        0x4 /root/gcc-arm-none-eabi-4_9-2015q2-20150609/install-native/lib/gcc/arm-none-eabi/4.9.3/../../../../arm-none-eabi/lib/armv6-m/libc_nano.a(lib_a-impure.o)
                0x08002d30                _global_impure_ptr
 .rodata.str1.1
                0x08002d34       0x11 /root/gcc-arm-none-eabi-4_9-2015q2-20150609/install-native/lib/gcc/arm-none-eabi/4.9.3/../../../../arm-none-eabi/lib/armv6-m/libc_nano.a(lib_a-nano-vfprintf.o)
 .rodata.str1.1
                0x08002d45       0x22 /root/gcc-arm-none-eabi-4_9-2015q2-20150609/install-native/lib/gcc/arm-none-eabi/4.9.3/../../../../arm-none-eabi/lib/armv6-m/libc_nano.a(lib_a-nano-vfprintf_i.o)
 *fill*         0x08002d67        0x1 
 .rodata        0x08002d68       0x40 /root/gcc-arm-none-eabi-4_9-2015q2-20150609/install-native/lib/gcc/arm-none-eabi/4.9.3/armv6-m/libgcc.a(mulsf3.o)
 *(.eh_frame*)
 .eh_frame      0x08002da8        0x0 /root/gcc-arm-none-eabi-4_9-2015q2-20150609/install-native/lib/gcc/arm-none-eabi/4.9.3/armv6-m/crtbegin.o
 .eh_frame      0x08002da8        0x0 /root/gcc-arm-none-eabi-4_9-2015q2-20150609/install-native/lib/gcc/arm-none-eabi/4.9.3/../../../../arm-none-eabi/lib/armv6-m/libc_nano.a(lib_a-strcmp.o)
                                 0x28 (size before relaxing)
 .eh_frame      0x08002da8        0x4 /root/gcc-arm-none-eabi-4_9-2015q2-20150609/install-native/lib/gcc/arm-none-eabi/4.9.3/armv6-m/crtend.o

.glue_7         0x08002dac        0x0
 .glue_7        0x00000000        0x0 linker stubs

.glue_7t        0x08002dac        0x0
 .glue_7t       0x00000000        0x0 linker stubs

.vfp11_veneer   0x08002dac        0x0
 .vfp11_veneer  0x00000000        0x0 linker stubs

.v4_bx          0x08002dac        0x0
 .v4_bx         0x00000000        0x0 linker stubs

.iplt           0x08002dac        0x0
 .iplt          0x00000000        0x0 /root/gcc-arm-none-eabi-4_9-2015q2-20150609/install-native/lib/gcc/arm-none-eabi/4.9.3/armv6-m/crtbegin.o

.ARM.extab
 *(.ARM.extab* .gnu.linkonce.armextab.*)
                0x08002dac                __exidx_start = .

.ARM.exidx      0x08002dac        0x8
 *(.ARM.exidx* .gnu.linkonce.armexidx.*)
 .ARM.exidx     0x08002dac        0x8 /root/gcc-arm-none-eabi-4_9-2015q2-20150609/install-native/lib/gcc/arm-none-eabi/4.9.3/../../../../arm-none-eabi/lib/armv6-m/crt0.o
                0x08002db4                __exidx_end = .
                0x08002db4                __etext = .
                0x08002db4                _sidata = .

.rel.dyn        0x08002db4        0x0
 .rel.iplt      0x00000000        0x0 /root/gcc-arm-none-eabi-4_9-2015q2-20150609/install-native/lib/gcc/arm-none-eabi/4.9.3/armv6-m/crtbegin.o

.data           0x200000c0       0x7c load address 0x08002db4
                0x200000c0                __data_start__ = .
                0x200000c0                _sdata = .
 *(vtable)
 *(.data*)
 .data.SystemCoreClock
                0x200000c0        0x4 mbed-src/targets/cmsis/TARGET_STM/TARGET_STM32F0/TARGET_NUCLEO_F030R8/system_stm32f0xx.o
                0x200000c0                SystemCoreClock
 .data._ZZ5_sbrkE4heap
                0x200000c4        0x4 mbed-src/common/retarget.o
 .data.impure_data
                0x200000c8       0x60 /root/gcc-arm-none-eabi-4_9-2015q2-20150609/install-native/lib/gcc/arm-none-eabi/4.9.3/../../../../arm-none-eabi/lib/armv6-m/libc_nano.a(lib_a-impure.o)
 .data._impure_ptr
                0x20000128        0x4 /root/gcc-arm-none-eabi-4_9-2015q2-20150609/install-native/lib/gcc/arm-none-eabi/4.9.3/../../../../arm-none-eabi/lib/armv6-m/libc_nano.a(lib_a-impure.o)
                0x20000128                _impure_ptr
                0x2000012c                . = ALIGN (0x4)
                0x2000012c                PROVIDE (__preinit_array_start, .)
 *(.preinit_array)
                0x2000012c                PROVIDE (__preinit_array_end, .)
                0x2000012c                . = ALIGN (0x4)
                0x2000012c                PROVIDE (__init_array_start, .)
 *(SORT(.init_array.*))
 *(.init_array)
 .init_array    0x2000012c        0x4 /root/gcc-arm-none-eabi-4_9-2015q2-20150609/install-native/lib/gcc/arm-none-eabi/4.9.3/armv6-m/crtbegin.o
 .init_array    0x20000130        0x4 main.o
                0x20000134                PROVIDE (__init_array_end, .)
                0x20000134                . = ALIGN (0x4)
                0x20000134                PROVIDE (__fini_array_start, .)
 *(SORT(.fini_array.*))
 *(.fini_array)
 .fini_array    0x20000134        0x4 /root/gcc-arm-none-eabi-4_9-2015q2-20150609/install-native/lib/gcc/arm-none-eabi/4.9.3/armv6-m/crtbegin.o
                0x20000138                PROVIDE (__fini_array_end, .)
 *(.jcr*)
 .jcr           0x20000138        0x0 /root/gcc-arm-none-eabi-4_9-2015q2-20150609/install-native/lib/gcc/arm-none-eabi/4.9.3/armv6-m/crtbegin.o
 .jcr           0x20000138        0x4 /root/gcc-arm-none-eabi-4_9-2015q2-20150609/install-native/lib/gcc/arm-none-eabi/4.9.3/armv6-m/crtend.o
                0x2000013c                . = ALIGN (0x4)
                0x2000013c                __data_end__ = .
                0x2000013c                _edata = .

.igot.plt       0x2000013c        0x0 load address 0x08002e30
 .igot.plt      0x00000000        0x0 /root/gcc-arm-none-eabi-4_9-2015q2-20150609/install-native/lib/gcc/arm-none-eabi/4.9.3/armv6-m/crtbegin.o

.bss            0x2000013c      0x26c load address 0x08002e30
                0x2000013c                . = ALIGN (0x4)
                0x2000013c                __bss_start__ = .
                0x2000013c                _sbss = .
 *(.bss*)
 .bss           0x2000013c       0x1c /root/gcc-arm-none-eabi-4_9-2015q2-20150609/install-native/lib/gcc/arm-none-eabi/4.9.3/armv6-m/crtbegin.o
 .bss.stdio_uart_inited
                0x20000158        0x4 mbed-src/targets/hal/TARGET_STM/TARGET_STM32F0/serial_api.o
                0x20000158                stdio_uart_inited
 .bss.UartHandle
                0x2000015c       0x70 mbed-src/targets/hal/TARGET_STM/TARGET_STM32F0/serial_api.o
                0x2000015c                UartHandle
 .bss.stdio_uart
                0x200001cc       0x1c mbed-src/targets/hal/TARGET_STM/TARGET_STM32F0/serial_api.o
                0x200001cc                stdio_uart
 .bss.oc_rem_part
                0x200001e8        0x2 mbed-src/targets/hal/TARGET_STM/TARGET_STM32F0/us_ticker.o
                0x200001e8                oc_rem_part
 *fill*         0x200001ea        0x2 
 .bss.TimMasterHandle
                0x200001ec       0x3c mbed-src/targets/hal/TARGET_STM/TARGET_STM32F0/us_ticker.o
 .bss.us_ticker_inited
                0x20000228        0x4 mbed-src/targets/hal/TARGET_STM/TARGET_STM32F0/us_ticker.o
 .bss.SlaveCounter
                0x2000022c        0x4 mbed-src/targets/hal/TARGET_STM/TARGET_STM32F0/us_ticker.o
                0x2000022c                SlaveCounter
 .bss.oc_int_part
                0x20000230        0x4 mbed-src/targets/hal/TARGET_STM/TARGET_STM32F0/us_ticker.o
                0x20000230                oc_int_part
 .bss.uwTick    0x20000234        0x4 mbed-src/targets/cmsis/TARGET_STM/TARGET_STM32F0/stm32f0xx_hal.o
 .bss.vtor_remap
                0x20000238        0x1 mbed-src/targets/cmsis/TARGET_STM/TARGET_STM32F0/TARGET_NUCLEO_F030R8/cmsis_nvic.o
 *fill*         0x20000239        0x3 
 .bss.ticker_inited.6441
                0x2000023c        0x4 mbed-src/targets/cmsis/TARGET_STM/TARGET_STM32F0/TARGET_NUCLEO_F030R8/hal_tick.o
 .bss.PreviousVal
                0x20000240        0x4 mbed-src/targets/cmsis/TARGET_STM/TARGET_STM32F0/TARGET_NUCLEO_F030R8/hal_tick.o
                0x20000240                PreviousVal
 .bss.TimMasterHandle
                0x20000244       0x3c mbed-src/targets/cmsis/TARGET_STM/TARGET_STM32F0/TARGET_NUCLEO_F030R8/hal_tick.o
                0x20000244                TimMasterHandle
 .bss.events    0x20000280        0x8 mbed-src/common/us_ticker_api.o
 .bss.myled     0x20000288       0x14 main.o
                0x20000288                myled
 .bss._ZL11filehandles
                0x2000029c      0x100 mbed-src/common/retarget.o
 .bss.__malloc_sbrk_start
                0x2000039c        0x4 /root/gcc-arm-none-eabi-4_9-2015q2-20150609/install-native/lib/gcc/arm-none-eabi/4.9.3/../../../../arm-none-eabi/lib/armv6-m/libc_nano.a(lib_a-nano-mallocr.o)
                0x2000039c                __malloc_sbrk_start
 .bss.__malloc_free_list
                0x200003a0        0x4 /root/gcc-arm-none-eabi-4_9-2015q2-20150609/install-native/lib/gcc/arm-none-eabi/4.9.3/../../../../arm-none-eabi/lib/armv6-m/libc_nano.a(lib_a-nano-mallocr.o)
                0x200003a0                __malloc_free_list
 *(COMMON)
 COMMON         0x200003a4        0x4 /root/gcc-arm-none-eabi-4_9-2015q2-20150609/install-native/lib/gcc/arm-none-eabi/4.9.3/../../../../arm-none-eabi/lib/armv6-m/libc_nano.a(lib_a-reent.o)
                0x200003a4                errno
                0x200003a8                . = ALIGN (0x4)
                0x200003a8                __bss_end__ = .
                0x200003a8                _ebss = .

.heap           0x200003a8        0x0
                0x200003a8                __end__ = .
                0x200003a8                end = __end__
 *(.heap*)
                0x200003a8                __HeapLimit = .

.stack_dummy    0x200003a8        0x0
 *(.stack*)
                0x20002000                __StackTop = (ORIGIN (RAM) + 0x1f40)
                0x20002000                _estack = __StackTop
                0x20002000                __StackLimit = (__StackTop - SIZEOF (.stack_dummy))
                0x20002000                PROVIDE (__stack, __StackTop)
                0x00000001                ASSERT ((__StackLimit >= __HeapLimit), region RAM overflowed with stack)
OUTPUT(reptor.elf elf32-littlearm)

.ARM.attributes
                0x00000000       0x28
 .ARM.attributes
                0x00000000       0x1e /root/gcc-arm-none-eabi-4_9-2015q2-20150609/install-native/lib/gcc/arm-none-eabi/4.9.3/armv6-m/crti.o
 .ARM.attributes
                0x0000001e       0x2c /root/gcc-arm-none-eabi-4_9-2015q2-20150609/install-native/lib/gcc/arm-none-eabi/4.9.3/armv6-m/crtbegin.o
 .ARM.attributes
                0x0000004a       0x1b /root/gcc-arm-none-eabi-4_9-2015q2-20150609/install-native/lib/gcc/arm-none-eabi/4.9.3/../../../../arm-none-eabi/lib/armv6-m/crt0.o
 .ARM.attributes
                0x00000065       0x21 mbed-src/targets/cmsis/TARGET_STM/TARGET_STM32F0/TARGET_NUCLEO_F030R8/TOOLCHAIN_GCC_ARM/startup_stm32f030x8.o
 .ARM.attributes
                0x00000086       0x31 mbed-src/targets/hal/TARGET_STM/TARGET_STM32F0/serial_api.o
 .ARM.attributes
                0x000000b7       0x31 mbed-src/targets/hal/TARGET_STM/TARGET_STM32F0/pinmap.o
 .ARM.attributes
                0x000000e8       0x31 mbed-src/targets/hal/TARGET_STM/TARGET_STM32F0/us_ticker.o
 .ARM.attributes
                0x00000119       0x31 mbed-src/targets/hal/TARGET_STM/TARGET_STM32F0/gpio_api.o
 .ARM.attributes
                0x0000014a       0x31 mbed-src/targets/hal/TARGET_STM/TARGET_STM32F0/mbed_overrides.o
 .ARM.attributes
                0x0000017b       0x31 mbed-src/targets/hal/TARGET_STM/TARGET_STM32F0/TARGET_NUCLEO_F030R8/PeripheralPins.o
 .ARM.attributes
                0x000001ac       0x31 mbed-src/targets/cmsis/TARGET_STM/TARGET_STM32F0/stm32f0xx_hal_rcc.o
 .ARM.attributes
                0x000001dd       0x31 mbed-src/targets/cmsis/TARGET_STM/TARGET_STM32F0/stm32f0xx_hal.o
 .ARM.attributes
                0x0000020e       0x31 mbed-src/targets/cmsis/TARGET_STM/TARGET_STM32F0/stm32f0xx_hal_gpio.o
 .ARM.attributes
                0x0000023f       0x31 mbed-src/targets/cmsis/TARGET_STM/TARGET_STM32F0/stm32f0xx_hal_rcc_ex.o
 .ARM.attributes
                0x00000270       0x31 mbed-src/targets/cmsis/TARGET_STM/TARGET_STM32F0/stm32f0xx_hal_tim.o
 .ARM.attributes
                0x000002a1       0x31 mbed-src/targets/cmsis/TARGET_STM/TARGET_STM32F0/stm32f0xx_hal_uart.o
 .ARM.attributes
                0x000002d2       0x31 mbed-src/targets/cmsis/TARGET_STM/TARGET_STM32F0/TARGET_NUCLEO_F030R8/cmsis_nvic.o
 .ARM.attributes
                0x00000303       0x31 mbed-src/targets/cmsis/TARGET_STM/TARGET_STM32F0/TARGET_NUCLEO_F030R8/system_stm32f0xx.o
 .ARM.attributes
                0x00000334       0x31 mbed-src/targets/cmsis/TARGET_STM/TARGET_STM32F0/TARGET_NUCLEO_F030R8/hal_tick.o
 .ARM.attributes
                0x00000365       0x31 mbed-src/common/us_ticker_api.o
 .ARM.attributes
                0x00000396       0x31 mbed-src/common/error.o
 .ARM.attributes
                0x000003c7       0x31 mbed-src/common/pinmap_common.o
 .ARM.attributes
                0x000003f8       0x31 mbed-src/common/gpio.o
 .ARM.attributes
                0x00000429       0x31 mbed-src/common/ticker_api.o
 .ARM.attributes
                0x0000045a       0x31 mbed-src/common/wait_api.o
 .ARM.attributes
                0x0000048b       0x31 mbed-src/common/board.o
 .ARM.attributes
                0x000004bc       0x31 main.o
 .ARM.attributes
                0x000004ed       0x31 mbed-src/common/retarget.o
 .ARM.attributes
                0x0000051e       0x2c /root/gcc-arm-none-eabi-4_9-2015q2-20150609/install-native/lib/gcc/arm-none-eabi/4.9.3/../../../../arm-none-eabi/lib/armv6-m/libc_nano.a(lib_a-errno.o)
 .ARM.attributes
                0x0000054a       0x2c /root/gcc-arm-none-eabi-4_9-2015q2-20150609/install-native/lib/gcc/arm-none-eabi/4.9.3/../../../../arm-none-eabi/lib/armv6-m/libc_nano.a(lib_a-exit.o)
 .ARM.attributes
                0x00000576       0x2c /root/gcc-arm-none-eabi-4_9-2015q2-20150609/install-native/lib/gcc/arm-none-eabi/4.9.3/../../../../arm-none-eabi/lib/armv6-m/libc_nano.a(lib_a-fflush.o)
 .ARM.attributes
                0x000005a2       0x2c /root/gcc-arm-none-eabi-4_9-2015q2-20150609/install-native/lib/gcc/arm-none-eabi/4.9.3/../../../../arm-none-eabi/lib/armv6-m/libc_nano.a(lib_a-findfp.o)
 .ARM.attributes
                0x000005ce       0x2c /root/gcc-arm-none-eabi-4_9-2015q2-20150609/install-native/lib/gcc/arm-none-eabi/4.9.3/../../../../arm-none-eabi/lib/armv6-m/libc_nano.a(lib_a-fwalk.o)
 .ARM.attributes
                0x000005fa       0x2c /root/gcc-arm-none-eabi-4_9-2015q2-20150609/install-native/lib/gcc/arm-none-eabi/4.9.3/../../../../arm-none-eabi/lib/armv6-m/libc_nano.a(lib_a-impure.o)
 .ARM.attributes
                0x00000626       0x2c /root/gcc-arm-none-eabi-4_9-2015q2-20150609/install-native/lib/gcc/arm-none-eabi/4.9.3/../../../../arm-none-eabi/lib/armv6-m/libc_nano.a(lib_a-init.o)
 .ARM.attributes
                0x00000652       0x2c /root/gcc-arm-none-eabi-4_9-2015q2-20150609/install-native/lib/gcc/arm-none-eabi/4.9.3/../../../../arm-none-eabi/lib/armv6-m/libc_nano.a(lib_a-makebuf.o)
 .ARM.attributes
                0x0000067e       0x2c /root/gcc-arm-none-eabi-4_9-2015q2-20150609/install-native/lib/gcc/arm-none-eabi/4.9.3/../../../../arm-none-eabi/lib/armv6-m/libc_nano.a(lib_a-memchr.o)
 .ARM.attributes
                0x000006aa       0x2c /root/gcc-arm-none-eabi-4_9-2015q2-20150609/install-native/lib/gcc/arm-none-eabi/4.9.3/../../../../arm-none-eabi/lib/armv6-m/libc_nano.a(lib_a-memcpy.o)
 .ARM.attributes
                0x000006d6       0x2c /root/gcc-arm-none-eabi-4_9-2015q2-20150609/install-native/lib/gcc/arm-none-eabi/4.9.3/../../../../arm-none-eabi/lib/armv6-m/libc_nano.a(lib_a-memset.o)
 .ARM.attributes
                0x00000702       0x2c /root/gcc-arm-none-eabi-4_9-2015q2-20150609/install-native/lib/gcc/arm-none-eabi/4.9.3/../../../../arm-none-eabi/lib/armv6-m/libc_nano.a(lib_a-nano-freer.o)
 .ARM.attributes
                0x0000072e       0x2c /root/gcc-arm-none-eabi-4_9-2015q2-20150609/install-native/lib/gcc/arm-none-eabi/4.9.3/../../../../arm-none-eabi/lib/armv6-m/libc_nano.a(lib_a-nano-mallocr.o)
 .ARM.attributes
                0x0000075a       0x2c /root/gcc-arm-none-eabi-4_9-2015q2-20150609/install-native/lib/gcc/arm-none-eabi/4.9.3/../../../../arm-none-eabi/lib/armv6-m/libc_nano.a(lib_a-nano-vfprintf.o)
 .ARM.attributes
                0x00000786       0x2c /root/gcc-arm-none-eabi-4_9-2015q2-20150609/install-native/lib/gcc/arm-none-eabi/4.9.3/../../../../arm-none-eabi/lib/armv6-m/libc_nano.a(lib_a-nano-vfprintf_i.o)
 .ARM.attributes
                0x000007b2       0x2c /root/gcc-arm-none-eabi-4_9-2015q2-20150609/install-native/lib/gcc/arm-none-eabi/4.9.3/../../../../arm-none-eabi/lib/armv6-m/libc_nano.a(lib_a-reent.o)
 .ARM.attributes
                0x000007de       0x2c /root/gcc-arm-none-eabi-4_9-2015q2-20150609/install-native/lib/gcc/arm-none-eabi/4.9.3/../../../../arm-none-eabi/lib/armv6-m/libc_nano.a(lib_a-sbrkr.o)
 .ARM.attributes
                0x0000080a       0x2c /root/gcc-arm-none-eabi-4_9-2015q2-20150609/install-native/lib/gcc/arm-none-eabi/4.9.3/../../../../arm-none-eabi/lib/armv6-m/libc_nano.a(lib_a-stdio.o)
 .ARM.attributes
                0x00000836       0x1c /root/gcc-arm-none-eabi-4_9-2015q2-20150609/install-native/lib/gcc/arm-none-eabi/4.9.3/../../../../arm-none-eabi/lib/armv6-m/libc_nano.a(lib_a-strcmp.o)
 .ARM.attributes
                0x00000852       0x2c /root/gcc-arm-none-eabi-4_9-2015q2-20150609/install-native/lib/gcc/arm-none-eabi/4.9.3/../../../../arm-none-eabi/lib/armv6-m/libc_nano.a(lib_a-wbuf.o)
 .ARM.attributes
                0x0000087e       0x2c /root/gcc-arm-none-eabi-4_9-2015q2-20150609/install-native/lib/gcc/arm-none-eabi/4.9.3/../../../../arm-none-eabi/lib/armv6-m/libc_nano.a(lib_a-writer.o)
 .ARM.attributes
                0x000008aa       0x2c /root/gcc-arm-none-eabi-4_9-2015q2-20150609/install-native/lib/gcc/arm-none-eabi/4.9.3/../../../../arm-none-eabi/lib/armv6-m/libc_nano.a(lib_a-wsetup.o)
 .ARM.attributes
                0x000008d6       0x2c /root/gcc-arm-none-eabi-4_9-2015q2-20150609/install-native/lib/gcc/arm-none-eabi/4.9.3/../../../../arm-none-eabi/lib/armv6-m/libc_nano.a(lib_a-closer.o)
 .ARM.attributes
                0x00000902       0x2c /root/gcc-arm-none-eabi-4_9-2015q2-20150609/install-native/lib/gcc/arm-none-eabi/4.9.3/../../../../arm-none-eabi/lib/armv6-m/libc_nano.a(lib_a-fstatr.o)
 .ARM.attributes
                0x0000092e       0x2c /root/gcc-arm-none-eabi-4_9-2015q2-20150609/install-native/lib/gcc/arm-none-eabi/4.9.3/../../../../arm-none-eabi/lib/armv6-m/libc_nano.a(lib_a-isattyr.o)
 .ARM.attributes
                0x0000095a       0x2c /root/gcc-arm-none-eabi-4_9-2015q2-20150609/install-native/lib/gcc/arm-none-eabi/4.9.3/../../../../arm-none-eabi/lib/armv6-m/libc_nano.a(lib_a-lseekr.o)
 .ARM.attributes
                0x00000986       0x2c /root/gcc-arm-none-eabi-4_9-2015q2-20150609/install-native/lib/gcc/arm-none-eabi/4.9.3/../../../../arm-none-eabi/lib/armv6-m/libc_nano.a(lib_a-readr.o)
 .ARM.attributes
                0x000009b2       0x1e /root/gcc-arm-none-eabi-4_9-2015q2-20150609/install-native/lib/gcc/arm-none-eabi/4.9.3/armv6-m/libgcc.a(_thumb1_case_uqi.o)
 .ARM.attributes
                0x000009d0       0x1e /root/gcc-arm-none-eabi-4_9-2015q2-20150609/install-native/lib/gcc/arm-none-eabi/4.9.3/armv6-m/libgcc.a(_udivsi3.o)
 .ARM.attributes
                0x000009ee       0x1e /root/gcc-arm-none-eabi-4_9-2015q2-20150609/install-native/lib/gcc/arm-none-eabi/4.9.3/armv6-m/libgcc.a(_dvmd_tls.o)
 .ARM.attributes
                0x00000a0c       0x2c /root/gcc-arm-none-eabi-4_9-2015q2-20150609/install-native/lib/gcc/arm-none-eabi/4.9.3/armv6-m/libgcc.a(mulsf3.o)
 .ARM.attributes
                0x00000a38       0x2c /root/gcc-arm-none-eabi-4_9-2015q2-20150609/install-native/lib/gcc/arm-none-eabi/4.9.3/armv6-m/libgcc.a(fixsfsi.o)
 .ARM.attributes
                0x00000a64       0x1e /root/gcc-arm-none-eabi-4_9-2015q2-20150609/install-native/lib/gcc/arm-none-eabi/4.9.3/armv6-m/libgcc.a(_clzsi2.o)
 .ARM.attributes
                0x00000a82       0x2c /root/gcc-arm-none-eabi-4_9-2015q2-20150609/install-native/lib/gcc/arm-none-eabi/4.9.3/armv6-m/crtend.o
 .ARM.attributes
                0x00000aae       0x1e /root/gcc-arm-none-eabi-4_9-2015q2-20150609/install-native/lib/gcc/arm-none-eabi/4.9.3/armv6-m/crtn.o

.comment        0x00000000       0x70
 .comment       0x00000000       0x70 mbed-src/targets/hal/TARGET_STM/TARGET_STM32F0/serial_api.o
                                 0x71 (size before relaxing)
 .comment       0x00000000       0x71 mbed-src/targets/hal/TARGET_STM/TARGET_STM32F0/pinmap.o
 .comment       0x00000000       0x71 mbed-src/targets/hal/TARGET_STM/TARGET_STM32F0/us_ticker.o
 .comment       0x00000000       0x71 mbed-src/targets/hal/TARGET_STM/TARGET_STM32F0/gpio_api.o
 .comment       0x00000000       0x71 mbed-src/targets/hal/TARGET_STM/TARGET_STM32F0/mbed_overrides.o
 .comment       0x00000000       0x71 mbed-src/targets/hal/TARGET_STM/TARGET_STM32F0/TARGET_NUCLEO_F030R8/PeripheralPins.o
 .comment       0x00000000       0x71 mbed-src/targets/cmsis/TARGET_STM/TARGET_STM32F0/stm32f0xx_hal_rcc.o
 .comment       0x00000000       0x71 mbed-src/targets/cmsis/TARGET_STM/TARGET_STM32F0/stm32f0xx_hal.o
 .comment       0x00000000       0x71 mbed-src/targets/cmsis/TARGET_STM/TARGET_STM32F0/stm32f0xx_hal_gpio.o
 .comment       0x00000000       0x71 mbed-src/targets/cmsis/TARGET_STM/TARGET_STM32F0/stm32f0xx_hal_rcc_ex.o
 .comment       0x00000000       0x71 mbed-src/targets/cmsis/TARGET_STM/TARGET_STM32F0/stm32f0xx_hal_tim.o
 .comment       0x00000000       0x71 mbed-src/targets/cmsis/TARGET_STM/TARGET_STM32F0/stm32f0xx_hal_uart.o
 .comment       0x00000000       0x71 mbed-src/targets/cmsis/TARGET_STM/TARGET_STM32F0/TARGET_NUCLEO_F030R8/cmsis_nvic.o
 .comment       0x00000000       0x71 mbed-src/targets/cmsis/TARGET_STM/TARGET_STM32F0/TARGET_NUCLEO_F030R8/system_stm32f0xx.o
 .comment       0x00000000       0x71 mbed-src/targets/cmsis/TARGET_STM/TARGET_STM32F0/TARGET_NUCLEO_F030R8/hal_tick.o
 .comment       0x00000000       0x71 mbed-src/common/us_ticker_api.o
 .comment       0x00000000       0x71 mbed-src/common/error.o
 .comment       0x00000000       0x71 mbed-src/common/pinmap_common.o
 .comment       0x00000000       0x71 mbed-src/common/gpio.o
 .comment       0x00000000       0x71 mbed-src/common/ticker_api.o
 .comment       0x00000000       0x71 mbed-src/common/wait_api.o
 .comment       0x00000000       0x71 mbed-src/common/board.o
 .comment       0x00000000       0x71 main.o
 .comment       0x00000000       0x71 mbed-src/common/retarget.o

.debug_info     0x00000000     0xf95c
 .debug_info    0x00000000     0x138a mbed-src/targets/hal/TARGET_STM/TARGET_STM32F0/serial_api.o
 .debug_info    0x0000138a      0x72b mbed-src/targets/hal/TARGET_STM/TARGET_STM32F0/pinmap.o
 .debug_info    0x00001ab5      0x682 mbed-src/targets/hal/TARGET_STM/TARGET_STM32F0/us_ticker.o
 .debug_info    0x00002137      0x5a8 mbed-src/targets/hal/TARGET_STM/TARGET_STM32F0/gpio_api.o
 .debug_info    0x000026df       0x99 mbed-src/targets/hal/TARGET_STM/TARGET_STM32F0/mbed_overrides.o
 .debug_info    0x00002778      0x4e1 mbed-src/targets/hal/TARGET_STM/TARGET_STM32F0/TARGET_NUCLEO_F030R8/PeripheralPins.o
 .debug_info    0x00002c59      0x691 mbed-src/targets/cmsis/TARGET_STM/TARGET_STM32F0/stm32f0xx_hal_rcc.o
 .debug_info    0x000032ea      0x595 mbed-src/targets/cmsis/TARGET_STM/TARGET_STM32F0/stm32f0xx_hal.o
 .debug_info    0x0000387f      0x5b1 mbed-src/targets/cmsis/TARGET_STM/TARGET_STM32F0/stm32f0xx_hal_gpio.o
 .debug_info    0x00003e30      0x719 mbed-src/targets/cmsis/TARGET_STM/TARGET_STM32F0/stm32f0xx_hal_rcc_ex.o
 .debug_info    0x00004549     0x3355 mbed-src/targets/cmsis/TARGET_STM/TARGET_STM32F0/stm32f0xx_hal_tim.o
 .debug_info    0x0000789e     0x1226 mbed-src/targets/cmsis/TARGET_STM/TARGET_STM32F0/stm32f0xx_hal_uart.o
 .debug_info    0x00008ac4      0x26e mbed-src/targets/cmsis/TARGET_STM/TARGET_STM32F0/TARGET_NUCLEO_F030R8/cmsis_nvic.o
 .debug_info    0x00008d32      0x534 mbed-src/targets/cmsis/TARGET_STM/TARGET_STM32F0/TARGET_NUCLEO_F030R8/system_stm32f0xx.o
 .debug_info    0x00009266      0x9ff mbed-src/targets/cmsis/TARGET_STM/TARGET_STM32F0/TARGET_NUCLEO_F030R8/hal_tick.o
 .debug_info    0x00009c65      0x265 mbed-src/common/us_ticker_api.o
 .debug_info    0x00009eca      0x935 mbed-src/common/error.o
 .debug_info    0x0000a7ff      0x5a0 mbed-src/common/pinmap_common.o
 .debug_info    0x0000ad9f      0x882 mbed-src/common/gpio.o
 .debug_info    0x0000b621      0x3fc mbed-src/common/ticker_api.o
 .debug_info    0x0000ba1d      0x145 mbed-src/common/wait_api.o
 .debug_info    0x0000bb62       0xd2 mbed-src/common/board.o
 .debug_info    0x0000bc34     0x1629 main.o
 .debug_info    0x0000d25d     0x26ff mbed-src/common/retarget.o

.debug_abbrev   0x00000000     0x3071
 .debug_abbrev  0x00000000      0x38c mbed-src/targets/hal/TARGET_STM/TARGET_STM32F0/serial_api.o
 .debug_abbrev  0x0000038c      0x200 mbed-src/targets/hal/TARGET_STM/TARGET_STM32F0/pinmap.o
 .debug_abbrev  0x0000058c      0x1fd mbed-src/targets/hal/TARGET_STM/TARGET_STM32F0/us_ticker.o
 .debug_abbrev  0x00000789      0x1a0 mbed-src/targets/hal/TARGET_STM/TARGET_STM32F0/gpio_api.o
 .debug_abbrev  0x00000929       0x5e mbed-src/targets/hal/TARGET_STM/TARGET_STM32F0/mbed_overrides.o
 .debug_abbrev  0x00000987       0xa7 mbed-src/targets/hal/TARGET_STM/TARGET_STM32F0/TARGET_NUCLEO_F030R8/PeripheralPins.o
 .debug_abbrev  0x00000a2e      0x1e4 mbed-src/targets/cmsis/TARGET_STM/TARGET_STM32F0/stm32f0xx_hal_rcc.o
 .debug_abbrev  0x00000c12      0x205 mbed-src/targets/cmsis/TARGET_STM/TARGET_STM32F0/stm32f0xx_hal.o
 .debug_abbrev  0x00000e17      0x1c6 mbed-src/targets/cmsis/TARGET_STM/TARGET_STM32F0/stm32f0xx_hal_gpio.o
 .debug_abbrev  0x00000fdd      0x1fb mbed-src/targets/cmsis/TARGET_STM/TARGET_STM32F0/stm32f0xx_hal_rcc_ex.o
 .debug_abbrev  0x000011d8      0x314 mbed-src/targets/cmsis/TARGET_STM/TARGET_STM32F0/stm32f0xx_hal_tim.o
 .debug_abbrev  0x000014ec      0x1ec mbed-src/targets/cmsis/TARGET_STM/TARGET_STM32F0/stm32f0xx_hal_uart.o
 .debug_abbrev  0x000016d8      0x134 mbed-src/targets/cmsis/TARGET_STM/TARGET_STM32F0/TARGET_NUCLEO_F030R8/cmsis_nvic.o
 .debug_abbrev  0x0000180c      0x220 mbed-src/targets/cmsis/TARGET_STM/TARGET_STM32F0/TARGET_NUCLEO_F030R8/system_stm32f0xx.o
 .debug_abbrev  0x00001a2c      0x2ce mbed-src/targets/cmsis/TARGET_STM/TARGET_STM32F0/TARGET_NUCLEO_F030R8/hal_tick.o
 .debug_abbrev  0x00001cfa      0x10e mbed-src/common/us_ticker_api.o
 .debug_abbrev  0x00001e08      0x209 mbed-src/common/error.o
 .debug_abbrev  0x00002011      0x128 mbed-src/common/pinmap_common.o
 .debug_abbrev  0x00002139      0x1d0 mbed-src/common/gpio.o
 .debug_abbrev  0x00002309      0x19f mbed-src/common/ticker_api.o
 .debug_abbrev  0x000024a8       0xbe mbed-src/common/wait_api.o
 .debug_abbrev  0x00002566       0x9e mbed-src/common/board.o
 .debug_abbrev  0x00002604      0x3b9 main.o
 .debug_abbrev  0x000029bd      0x6b4 mbed-src/common/retarget.o

.debug_loc      0x00000000     0x75a0
 .debug_loc     0x00000000      0x574 mbed-src/targets/hal/TARGET_STM/TARGET_STM32F0/serial_api.o
 .debug_loc     0x00000574      0x306 mbed-src/targets/hal/TARGET_STM/TARGET_STM32F0/pinmap.o
 .debug_loc     0x0000087a       0x9d mbed-src/targets/hal/TARGET_STM/TARGET_STM32F0/us_ticker.o
 .debug_loc     0x00000917      0x150 mbed-src/targets/hal/TARGET_STM/TARGET_STM32F0/gpio_api.o
 .debug_loc     0x00000a67       0xb0 mbed-src/targets/cmsis/TARGET_STM/TARGET_STM32F0/stm32f0xx_hal_rcc.o
 .debug_loc     0x00000b17       0x6a mbed-src/targets/cmsis/TARGET_STM/TARGET_STM32F0/stm32f0xx_hal.o
 .debug_loc     0x00000b81      0x33f mbed-src/targets/cmsis/TARGET_STM/TARGET_STM32F0/stm32f0xx_hal_gpio.o
 .debug_loc     0x00000ec0      0x45f mbed-src/targets/cmsis/TARGET_STM/TARGET_STM32F0/stm32f0xx_hal_rcc_ex.o
 .debug_loc     0x0000131f     0x3dee mbed-src/targets/cmsis/TARGET_STM/TARGET_STM32F0/stm32f0xx_hal_tim.o
 .debug_loc     0x0000510d      0xd40 mbed-src/targets/cmsis/TARGET_STM/TARGET_STM32F0/stm32f0xx_hal_uart.o
 .debug_loc     0x00005e4d       0x42 mbed-src/targets/cmsis/TARGET_STM/TARGET_STM32F0/TARGET_NUCLEO_F030R8/cmsis_nvic.o
 .debug_loc     0x00005e8f      0x147 mbed-src/targets/cmsis/TARGET_STM/TARGET_STM32F0/TARGET_NUCLEO_F030R8/system_stm32f0xx.o
 .debug_loc     0x00005fd6       0x6f mbed-src/targets/cmsis/TARGET_STM/TARGET_STM32F0/TARGET_NUCLEO_F030R8/hal_tick.o
 .debug_loc     0x00006045      0x22f mbed-src/common/pinmap_common.o
 .debug_loc     0x00006274      0x48e mbed-src/common/gpio.o
 .debug_loc     0x00006702      0x333 mbed-src/common/ticker_api.o
 .debug_loc     0x00006a35       0x83 mbed-src/common/wait_api.o
 .debug_loc     0x00006ab8      0xae8 mbed-src/common/retarget.o

.debug_aranges  0x00000000      0xb08
 .debug_aranges
                0x00000000       0xa8 mbed-src/targets/hal/TARGET_STM/TARGET_STM32F0/serial_api.o
 .debug_aranges
                0x000000a8       0x30 mbed-src/targets/hal/TARGET_STM/TARGET_STM32F0/pinmap.o
 .debug_aranges
                0x000000d8       0x48 mbed-src/targets/hal/TARGET_STM/TARGET_STM32F0/us_ticker.o
 .debug_aranges
                0x00000120       0x38 mbed-src/targets/hal/TARGET_STM/TARGET_STM32F0/gpio_api.o
 .debug_aranges
                0x00000158       0x20 mbed-src/targets/hal/TARGET_STM/TARGET_STM32F0/mbed_overrides.o
 .debug_aranges
                0x00000178       0x18 mbed-src/targets/hal/TARGET_STM/TARGET_STM32F0/TARGET_NUCLEO_F030R8/PeripheralPins.o
 .debug_aranges
                0x00000190       0x80 mbed-src/targets/cmsis/TARGET_STM/TARGET_STM32F0/stm32f0xx_hal_rcc.o
 .debug_aranges
                0x00000210       0xa0 mbed-src/targets/cmsis/TARGET_STM/TARGET_STM32F0/stm32f0xx_hal.o
 .debug_aranges
                0x000002b0       0x58 mbed-src/targets/cmsis/TARGET_STM/TARGET_STM32F0/stm32f0xx_hal_gpio.o
 .debug_aranges
                0x00000308       0x40 mbed-src/targets/cmsis/TARGET_STM/TARGET_STM32F0/stm32f0xx_hal_rcc_ex.o
 .debug_aranges
                0x00000348      0x330 mbed-src/targets/cmsis/TARGET_STM/TARGET_STM32F0/stm32f0xx_hal_tim.o
 .debug_aranges
                0x00000678      0x148 mbed-src/targets/cmsis/TARGET_STM/TARGET_STM32F0/stm32f0xx_hal_uart.o
 .debug_aranges
                0x000007c0       0x28 mbed-src/targets/cmsis/TARGET_STM/TARGET_STM32F0/TARGET_NUCLEO_F030R8/cmsis_nvic.o
 .debug_aranges
                0x000007e8       0x40 mbed-src/targets/cmsis/TARGET_STM/TARGET_STM32F0/TARGET_NUCLEO_F030R8/system_stm32f0xx.o
 .debug_aranges
                0x00000828       0x30 mbed-src/targets/cmsis/TARGET_STM/TARGET_STM32F0/TARGET_NUCLEO_F030R8/hal_tick.o
 .debug_aranges
                0x00000858       0x28 mbed-src/common/us_ticker_api.o
 .debug_aranges
                0x00000880       0x20 mbed-src/common/error.o
 .debug_aranges
                0x000008a0       0x48 mbed-src/common/pinmap_common.o
 .debug_aranges
                0x000008e8       0x48 mbed-src/common/gpio.o
 .debug_aranges
                0x00000930       0x48 mbed-src/common/ticker_api.o
 .debug_aranges
                0x00000978       0x30 mbed-src/common/wait_api.o
 .debug_aranges
                0x000009a8       0x20 mbed-src/common/board.o
 .debug_aranges
                0x000009c8       0x28 main.o
 .debug_aranges
                0x000009f0      0x118 mbed-src/common/retarget.o

.debug_ranges   0x00000000      0xd10
 .debug_ranges  0x00000000       0x98 mbed-src/targets/hal/TARGET_STM/TARGET_STM32F0/serial_api.o
 .debug_ranges  0x00000098       0x20 mbed-src/targets/hal/TARGET_STM/TARGET_STM32F0/pinmap.o
 .debug_ranges  0x000000b8       0x38 mbed-src/targets/hal/TARGET_STM/TARGET_STM32F0/us_ticker.o
 .debug_ranges  0x000000f0       0x28 mbed-src/targets/hal/TARGET_STM/TARGET_STM32F0/gpio_api.o
 .debug_ranges  0x00000118       0x10 mbed-src/targets/hal/TARGET_STM/TARGET_STM32F0/mbed_overrides.o
 .debug_ranges  0x00000128       0x70 mbed-src/targets/cmsis/TARGET_STM/TARGET_STM32F0/stm32f0xx_hal_rcc.o
 .debug_ranges  0x00000198       0x90 mbed-src/targets/cmsis/TARGET_STM/TARGET_STM32F0/stm32f0xx_hal.o
 .debug_ranges  0x00000228       0x48 mbed-src/targets/cmsis/TARGET_STM/TARGET_STM32F0/stm32f0xx_hal_gpio.o
 .debug_ranges  0x00000270       0x30 mbed-src/targets/cmsis/TARGET_STM/TARGET_STM32F0/stm32f0xx_hal_rcc_ex.o
 .debug_ranges  0x000002a0      0x5d0 mbed-src/targets/cmsis/TARGET_STM/TARGET_STM32F0/stm32f0xx_hal_tim.o
 .debug_ranges  0x00000870      0x138 mbed-src/targets/cmsis/TARGET_STM/TARGET_STM32F0/stm32f0xx_hal_uart.o
 .debug_ranges  0x000009a8       0x18 mbed-src/targets/cmsis/TARGET_STM/TARGET_STM32F0/TARGET_NUCLEO_F030R8/cmsis_nvic.o
 .debug_ranges  0x000009c0       0x30 mbed-src/targets/cmsis/TARGET_STM/TARGET_STM32F0/TARGET_NUCLEO_F030R8/system_stm32f0xx.o
 .debug_ranges  0x000009f0       0x38 mbed-src/targets/cmsis/TARGET_STM/TARGET_STM32F0/TARGET_NUCLEO_F030R8/hal_tick.o
 .debug_ranges  0x00000a28       0x18 mbed-src/common/us_ticker_api.o
 .debug_ranges  0x00000a40       0x10 mbed-src/common/error.o
 .debug_ranges  0x00000a50       0x38 mbed-src/common/pinmap_common.o
 .debug_ranges  0x00000a88       0x68 mbed-src/common/gpio.o
 .debug_ranges  0x00000af0       0x38 mbed-src/common/ticker_api.o
 .debug_ranges  0x00000b28       0x20 mbed-src/common/wait_api.o
 .debug_ranges  0x00000b48       0x10 mbed-src/common/board.o
 .debug_ranges  0x00000b58       0x48 main.o
 .debug_ranges  0x00000ba0      0x170 mbed-src/common/retarget.o

.debug_line     0x00000000     0x58ed
 .debug_line    0x00000000      0x4eb mbed-src/targets/hal/TARGET_STM/TARGET_STM32F0/serial_api.o
 .debug_line    0x000004eb      0x2d2 mbed-src/targets/hal/TARGET_STM/TARGET_STM32F0/pinmap.o
 .debug_line    0x000007bd      0x2ea mbed-src/targets/hal/TARGET_STM/TARGET_STM32F0/us_ticker.o
 .debug_line    0x00000aa7      0x28c mbed-src/targets/hal/TARGET_STM/TARGET_STM32F0/gpio_api.o
 .debug_line    0x00000d33       0xcf mbed-src/targets/hal/TARGET_STM/TARGET_STM32F0/mbed_overrides.o
 .debug_line    0x00000e02      0x1c8 mbed-src/targets/hal/TARGET_STM/TARGET_STM32F0/TARGET_NUCLEO_F030R8/PeripheralPins.o
 .debug_line    0x00000fca      0x332 mbed-src/targets/cmsis/TARGET_STM/TARGET_STM32F0/stm32f0xx_hal_rcc.o
 .debug_line    0x000012fc      0x353 mbed-src/targets/cmsis/TARGET_STM/TARGET_STM32F0/stm32f0xx_hal.o
 .debug_line    0x0000164f      0x343 mbed-src/targets/cmsis/TARGET_STM/TARGET_STM32F0/stm32f0xx_hal_gpio.o
 .debug_line    0x00001992      0x3c9 mbed-src/targets/cmsis/TARGET_STM/TARGET_STM32F0/stm32f0xx_hal_rcc_ex.o
 .debug_line    0x00001d5b     0x14a5 mbed-src/targets/cmsis/TARGET_STM/TARGET_STM32F0/stm32f0xx_hal_tim.o
 .debug_line    0x00003200      0x923 mbed-src/targets/cmsis/TARGET_STM/TARGET_STM32F0/stm32f0xx_hal_uart.o
 .debug_line    0x00003b23      0x182 mbed-src/targets/cmsis/TARGET_STM/TARGET_STM32F0/TARGET_NUCLEO_F030R8/cmsis_nvic.o
 .debug_line    0x00003ca5      0x297 mbed-src/targets/cmsis/TARGET_STM/TARGET_STM32F0/TARGET_NUCLEO_F030R8/system_stm32f0xx.o
 .debug_line    0x00003f3c      0x2d1 mbed-src/targets/cmsis/TARGET_STM/TARGET_STM32F0/TARGET_NUCLEO_F030R8/hal_tick.o
 .debug_line    0x0000420d      0x14f mbed-src/common/us_ticker_api.o
 .debug_line    0x0000435c      0x1b2 mbed-src/common/error.o
 .debug_line    0x0000450e      0x221 mbed-src/common/pinmap_common.o
 .debug_line    0x0000472f      0x267 mbed-src/common/gpio.o
 .debug_line    0x00004996      0x22b mbed-src/common/ticker_api.o
 .debug_line    0x00004bc1      0x165 mbed-src/common/wait_api.o
 .debug_line    0x00004d26       0xaa mbed-src/common/board.o
 .debug_line    0x00004dd0      0x3f8 main.o
 .debug_line    0x000051c8      0x725 mbed-src/common/retarget.o

.debug_str      0x00000000     0x3e4f
 .debug_str     0x00000000      0xc8c mbed-src/targets/hal/TARGET_STM/TARGET_STM32F0/serial_api.o
                                0xd9d (size before relaxing)
 .debug_str     0x00000c8c      0x11f mbed-src/targets/hal/TARGET_STM/TARGET_STM32F0/pinmap.o
                                0x510 (size before relaxing)
 .debug_str     0x00000dab      0x2fb mbed-src/targets/hal/TARGET_STM/TARGET_STM32F0/us_ticker.o
                                0x6c5 (size before relaxing)
 .debug_str     0x000010a6       0x9e mbed-src/targets/hal/TARGET_STM/TARGET_STM32F0/gpio_api.o
                                0x492 (size before relaxing)
 .debug_str     0x00001144       0x64 mbed-src/targets/hal/TARGET_STM/TARGET_STM32F0/mbed_overrides.o
                                0x1e1 (size before relaxing)
 .debug_str     0x000011a8      0x115 mbed-src/targets/hal/TARGET_STM/TARGET_STM32F0/TARGET_NUCLEO_F030R8/PeripheralPins.o
                                0x4a5 (size before relaxing)
 .debug_str     0x000012bd      0x2df mbed-src/targets/cmsis/TARGET_STM/TARGET_STM32F0/stm32f0xx_hal_rcc.o
                                0x59f (size before relaxing)
 .debug_str     0x0000159c      0x1c3 mbed-src/targets/cmsis/TARGET_STM/TARGET_STM32F0/stm32f0xx_hal.o
                                0x5ba (size before relaxing)
 .debug_str     0x0000175f      0x15c mbed-src/targets/cmsis/TARGET_STM/TARGET_STM32F0/stm32f0xx_hal_gpio.o
                                0x41e (size before relaxing)
 .debug_str     0x000018bb      0x14e mbed-src/targets/cmsis/TARGET_STM/TARGET_STM32F0/stm32f0xx_hal_rcc_ex.o
                                0x53a (size before relaxing)
 .debug_str     0x00001a09      0xd87 mbed-src/targets/cmsis/TARGET_STM/TARGET_STM32F0/stm32f0xx_hal_tim.o
                               0x133c (size before relaxing)
 .debug_str     0x00002790      0x420 mbed-src/targets/cmsis/TARGET_STM/TARGET_STM32F0/stm32f0xx_hal_uart.o
                                0xb5e (size before relaxing)
 .debug_str     0x00002bb0       0x79 mbed-src/targets/cmsis/TARGET_STM/TARGET_STM32F0/TARGET_NUCLEO_F030R8/cmsis_nvic.o
                                0x3e3 (size before relaxing)
 .debug_str     0x00002c29       0xbe mbed-src/targets/cmsis/TARGET_STM/TARGET_STM32F0/TARGET_NUCLEO_F030R8/system_stm32f0xx.o
                                0x474 (size before relaxing)
 .debug_str     0x00002ce7       0x8b mbed-src/targets/cmsis/TARGET_STM/TARGET_STM32F0/TARGET_NUCLEO_F030R8/hal_tick.o
                                0x938 (size before relaxing)
 .debug_str     0x00002d72       0xc3 mbed-src/common/us_ticker_api.o
                                0x2ea (size before relaxing)
 .debug_str     0x00002e35      0x3ba mbed-src/common/error.o
                                0x5a2 (size before relaxing)
 .debug_str     0x000031ef       0x5c mbed-src/common/pinmap_common.o
                                0x433 (size before relaxing)
 .debug_str     0x0000324b       0x70 mbed-src/common/gpio.o
                                0x475 (size before relaxing)
 .debug_str     0x000032bb       0x92 mbed-src/common/ticker_api.o
                                0x330 (size before relaxing)
 .debug_str     0x0000334d       0x36 mbed-src/common/wait_api.o
                                0x1dc (size before relaxing)
 .debug_str     0x00003383       0x21 mbed-src/common/board.o
                                0x1b4 (size before relaxing)
 .debug_str     0x000033a4      0x3cb main.o
                                0xa87 (size before relaxing)
 .debug_str     0x0000376f      0x6e0 mbed-src/common/retarget.o
                               0x1104 (size before relaxing)

.debug_frame    0x00000000     0x224c
 .debug_frame   0x00000000      0x1b0 mbed-src/targets/hal/TARGET_STM/TARGET_STM32F0/serial_api.o
 .debug_frame   0x000001b0       0x64 mbed-src/targets/hal/TARGET_STM/TARGET_STM32F0/pinmap.o
 .debug_frame   0x00000214       0x8c mbed-src/targets/hal/TARGET_STM/TARGET_STM32F0/us_ticker.o
 .debug_frame   0x000002a0       0x74 mbed-src/targets/hal/TARGET_STM/TARGET_STM32F0/gpio_api.o
 .debug_frame   0x00000314       0x28 mbed-src/targets/hal/TARGET_STM/TARGET_STM32F0/mbed_overrides.o
 .debug_frame   0x0000033c      0x10c mbed-src/targets/cmsis/TARGET_STM/TARGET_STM32F0/stm32f0xx_hal_rcc.o
 .debug_frame   0x00000448      0x144 mbed-src/targets/cmsis/TARGET_STM/TARGET_STM32F0/stm32f0xx_hal.o
 .debug_frame   0x0000058c       0xc0 mbed-src/targets/cmsis/TARGET_STM/TARGET_STM32F0/stm32f0xx_hal_gpio.o
 .debug_frame   0x0000064c       0x9c mbed-src/targets/cmsis/TARGET_STM/TARGET_STM32F0/stm32f0xx_hal_rcc_ex.o
 .debug_frame   0x000006e8      0x904 mbed-src/targets/cmsis/TARGET_STM/TARGET_STM32F0/stm32f0xx_hal_tim.o
 .debug_frame   0x00000fec      0x3b4 mbed-src/targets/cmsis/TARGET_STM/TARGET_STM32F0/stm32f0xx_hal_uart.o
 .debug_frame   0x000013a0       0x3c mbed-src/targets/cmsis/TARGET_STM/TARGET_STM32F0/TARGET_NUCLEO_F030R8/cmsis_nvic.o
 .debug_frame   0x000013dc       0x9c mbed-src/targets/cmsis/TARGET_STM/TARGET_STM32F0/TARGET_NUCLEO_F030R8/system_stm32f0xx.o
 .debug_frame   0x00001478       0x5c mbed-src/targets/cmsis/TARGET_STM/TARGET_STM32F0/TARGET_NUCLEO_F030R8/hal_tick.o
 .debug_frame   0x000014d4       0x38 mbed-src/common/us_ticker_api.o
 .debug_frame   0x0000150c       0x30 mbed-src/common/error.o
 .debug_frame   0x0000153c       0x90 mbed-src/common/pinmap_common.o
 .debug_frame   0x000015cc       0xb0 mbed-src/common/gpio.o
 .debug_frame   0x0000167c       0xa4 mbed-src/common/ticker_api.o
 .debug_frame   0x00001720       0x5c mbed-src/common/wait_api.o
 .debug_frame   0x0000177c       0x28 mbed-src/common/board.o
 .debug_frame   0x000017a4       0x40 main.o
 .debug_frame   0x000017e4      0x318 mbed-src/common/retarget.o
 .debug_frame   0x00001afc       0x20 /root/gcc-arm-none-eabi-4_9-2015q2-20150609/install-native/lib/gcc/arm-none-eabi/4.9.3/../../../../arm-none-eabi/lib/armv6-m/libc_nano.a(lib_a-errno.o)
 .debug_frame   0x00001b1c       0x28 /root/gcc-arm-none-eabi-4_9-2015q2-20150609/install-native/lib/gcc/arm-none-eabi/4.9.3/../../../../arm-none-eabi/lib/armv6-m/libc_nano.a(lib_a-exit.o)
 .debug_frame   0x00001b44       0x68 /root/gcc-arm-none-eabi-4_9-2015q2-20150609/install-native/lib/gcc/arm-none-eabi/4.9.3/../../../../arm-none-eabi/lib/armv6-m/libc_nano.a(lib_a-fflush.o)
 .debug_frame   0x00001bac      0x140 /root/gcc-arm-none-eabi-4_9-2015q2-20150609/install-native/lib/gcc/arm-none-eabi/4.9.3/../../../../arm-none-eabi/lib/armv6-m/libc_nano.a(lib_a-findfp.o)
 .debug_frame   0x00001cec       0x58 /root/gcc-arm-none-eabi-4_9-2015q2-20150609/install-native/lib/gcc/arm-none-eabi/4.9.3/../../../../arm-none-eabi/lib/armv6-m/libc_nano.a(lib_a-fwalk.o)
 .debug_frame   0x00001d44       0x2c /root/gcc-arm-none-eabi-4_9-2015q2-20150609/install-native/lib/gcc/arm-none-eabi/4.9.3/../../../../arm-none-eabi/lib/armv6-m/libc_nano.a(lib_a-init.o)
 .debug_frame   0x00001d70       0x30 /root/gcc-arm-none-eabi-4_9-2015q2-20150609/install-native/lib/gcc/arm-none-eabi/4.9.3/../../../../arm-none-eabi/lib/armv6-m/libc_nano.a(lib_a-makebuf.o)
 .debug_frame   0x00001da0       0x20 /root/gcc-arm-none-eabi-4_9-2015q2-20150609/install-native/lib/gcc/arm-none-eabi/4.9.3/../../../../arm-none-eabi/lib/armv6-m/libc_nano.a(lib_a-memchr.o)
 .debug_frame   0x00001dc0       0x28 /root/gcc-arm-none-eabi-4_9-2015q2-20150609/install-native/lib/gcc/arm-none-eabi/4.9.3/../../../../arm-none-eabi/lib/armv6-m/libc_nano.a(lib_a-memcpy.o)
 .debug_frame   0x00001de8       0x20 /root/gcc-arm-none-eabi-4_9-2015q2-20150609/install-native/lib/gcc/arm-none-eabi/4.9.3/../../../../arm-none-eabi/lib/armv6-m/libc_nano.a(lib_a-memset.o)
 .debug_frame   0x00001e08       0x2c /root/gcc-arm-none-eabi-4_9-2015q2-20150609/install-native/lib/gcc/arm-none-eabi/4.9.3/../../../../arm-none-eabi/lib/armv6-m/libc_nano.a(lib_a-nano-freer.o)
 .debug_frame   0x00001e34       0x2c /root/gcc-arm-none-eabi-4_9-2015q2-20150609/install-native/lib/gcc/arm-none-eabi/4.9.3/../../../../arm-none-eabi/lib/armv6-m/libc_nano.a(lib_a-nano-mallocr.o)
 .debug_frame   0x00001e60       0xa0 /root/gcc-arm-none-eabi-4_9-2015q2-20150609/install-native/lib/gcc/arm-none-eabi/4.9.3/../../../../arm-none-eabi/lib/armv6-m/libc_nano.a(lib_a-nano-vfprintf.o)
 .debug_frame   0x00001f00       0x54 /root/gcc-arm-none-eabi-4_9-2015q2-20150609/install-native/lib/gcc/arm-none-eabi/4.9.3/../../../../arm-none-eabi/lib/armv6-m/libc_nano.a(lib_a-nano-vfprintf_i.o)
 .debug_frame   0x00001f54       0x48 /root/gcc-arm-none-eabi-4_9-2015q2-20150609/install-native/lib/gcc/arm-none-eabi/4.9.3/../../../../arm-none-eabi/lib/armv6-m/libc_nano.a(lib_a-reent.o)
 .debug_frame   0x00001f9c       0x2c /root/gcc-arm-none-eabi-4_9-2015q2-20150609/install-native/lib/gcc/arm-none-eabi/4.9.3/../../../../arm-none-eabi/lib/armv6-m/libc_nano.a(lib_a-sbrkr.o)
 .debug_frame   0x00001fc8       0x90 /root/gcc-arm-none-eabi-4_9-2015q2-20150609/install-native/lib/gcc/arm-none-eabi/4.9.3/../../../../arm-none-eabi/lib/armv6-m/libc_nano.a(lib_a-stdio.o)
 .debug_frame   0x00002058       0x44 /root/gcc-arm-none-eabi-4_9-2015q2-20150609/install-native/lib/gcc/arm-none-eabi/4.9.3/../../../../arm-none-eabi/lib/armv6-m/libc_nano.a(lib_a-wbuf.o)
 .debug_frame   0x0000209c       0x2c /root/gcc-arm-none-eabi-4_9-2015q2-20150609/install-native/lib/gcc/arm-none-eabi/4.9.3/../../../../arm-none-eabi/lib/armv6-m/libc_nano.a(lib_a-writer.o)
 .debug_frame   0x000020c8       0x2c /root/gcc-arm-none-eabi-4_9-2015q2-20150609/install-native/lib/gcc/arm-none-eabi/4.9.3/../../../../arm-none-eabi/lib/armv6-m/libc_nano.a(lib_a-wsetup.o)
 .debug_frame   0x000020f4       0x2c /root/gcc-arm-none-eabi-4_9-2015q2-20150609/install-native/lib/gcc/arm-none-eabi/4.9.3/../../../../arm-none-eabi/lib/armv6-m/libc_nano.a(lib_a-closer.o)
 .debug_frame   0x00002120       0x2c /root/gcc-arm-none-eabi-4_9-2015q2-20150609/install-native/lib/gcc/arm-none-eabi/4.9.3/../../../../arm-none-eabi/lib/armv6-m/libc_nano.a(lib_a-fstatr.o)
 .debug_frame   0x0000214c       0x2c /root/gcc-arm-none-eabi-4_9-2015q2-20150609/install-native/lib/gcc/arm-none-eabi/4.9.3/../../../../arm-none-eabi/lib/armv6-m/libc_nano.a(lib_a-isattyr.o)
 .debug_frame   0x00002178       0x2c /root/gcc-arm-none-eabi-4_9-2015q2-20150609/install-native/lib/gcc/arm-none-eabi/4.9.3/../../../../arm-none-eabi/lib/armv6-m/libc_nano.a(lib_a-lseekr.o)
 .debug_frame   0x000021a4       0x2c /root/gcc-arm-none-eabi-4_9-2015q2-20150609/install-native/lib/gcc/arm-none-eabi/4.9.3/../../../../arm-none-eabi/lib/armv6-m/libc_nano.a(lib_a-readr.o)
 .debug_frame   0x000021d0       0x20 /root/gcc-arm-none-eabi-4_9-2015q2-20150609/install-native/lib/gcc/arm-none-eabi/4.9.3/armv6-m/libgcc.a(_udivsi3.o)
 .debug_frame   0x000021f0       0x3c /root/gcc-arm-none-eabi-4_9-2015q2-20150609/install-native/lib/gcc/arm-none-eabi/4.9.3/armv6-m/libgcc.a(mulsf3.o)
 .debug_frame   0x0000222c       0x20 /root/gcc-arm-none-eabi-4_9-2015q2-20150609/install-native/lib/gcc/arm-none-eabi/4.9.3/armv6-m/libgcc.a(fixsfsi.o)

.stabstr        0x00000000       0x76
 .stabstr       0x00000000       0x76 /root/gcc-arm-none-eabi-4_9-2015q2-20150609/install-native/lib/gcc/arm-none-eabi/4.9.3/../../../../arm-none-eabi/lib/armv6-m/libnosys.a(getpid.o)

Cross Reference Table

Symbol                                            File
ADC1_IRQHandler                                   mbed-src/targets/cmsis/TARGET_STM/TARGET_STM32F0/TARGET_NUCLEO_F030R8/TOOLCHAIN_GCC_ARM/startup_stm32f030x8.o
AHBPrescTable                                     mbed-src/targets/cmsis/TARGET_STM/TARGET_STM32F0/TARGET_NUCLEO_F030R8/system_stm32f0xx.o
APBAHBPrescTable                                  mbed-src/targets/cmsis/TARGET_STM/TARGET_STM32F0/stm32f0xx_hal_rcc.o
AdcHandle                                         mbed-src/targets/hal/TARGET_STM/TARGET_STM32F0/analogin_api.o
DMA1_Channel1_IRQHandler                          mbed-src/targets/cmsis/TARGET_STM/TARGET_STM32F0/TARGET_NUCLEO_F030R8/TOOLCHAIN_GCC_ARM/startup_stm32f030x8.o
DMA1_Channel2_3_IRQHandler                        mbed-src/targets/cmsis/TARGET_STM/TARGET_STM32F0/TARGET_NUCLEO_F030R8/TOOLCHAIN_GCC_ARM/startup_stm32f030x8.o
DMA1_Channel4_5_IRQHandler                        mbed-src/targets/cmsis/TARGET_STM/TARGET_STM32F0/TARGET_NUCLEO_F030R8/TOOLCHAIN_GCC_ARM/startup_stm32f030x8.o
Default_Handler                                   mbed-src/targets/cmsis/TARGET_STM/TARGET_STM32F0/TARGET_NUCLEO_F030R8/TOOLCHAIN_GCC_ARM/startup_stm32f030x8.o
EXTI0_1_IRQHandler                                mbed-src/targets/cmsis/TARGET_STM/TARGET_STM32F0/TARGET_NUCLEO_F030R8/TOOLCHAIN_GCC_ARM/startup_stm32f030x8.o
EXTI2_3_IRQHandler                                mbed-src/targets/cmsis/TARGET_STM/TARGET_STM32F0/TARGET_NUCLEO_F030R8/TOOLCHAIN_GCC_ARM/startup_stm32f030x8.o
EXTI4_15_IRQHandler                               mbed-src/targets/cmsis/TARGET_STM/TARGET_STM32F0/TARGET_NUCLEO_F030R8/TOOLCHAIN_GCC_ARM/startup_stm32f030x8.o
FLASH_IRQHandler                                  mbed-src/targets/cmsis/TARGET_STM/TARGET_STM32F0/TARGET_NUCLEO_F030R8/TOOLCHAIN_GCC_ARM/startup_stm32f030x8.o
FLASH_PageErase                                   mbed-src/targets/cmsis/TARGET_STM/TARGET_STM32F0/stm32f0xx_hal_flash.o
                                                  mbed-src/targets/cmsis/TARGET_STM/TARGET_STM32F0/stm32f0xx_hal_flash_ex.o
FLASH_WaitForLastOperation                        mbed-src/targets/cmsis/TARGET_STM/TARGET_STM32F0/stm32f0xx_hal_flash.o
                                                  mbed-src/targets/cmsis/TARGET_STM/TARGET_STM32F0/stm32f0xx_hal_flash_ex.o
HAL_ADCEx_Calibration_Start                       mbed-src/targets/cmsis/TARGET_STM/TARGET_STM32F0/stm32f0xx_hal_adc_ex.o
                                                  mbed-src/targets/hal/TARGET_STM/TARGET_STM32F0/analogin_api.o
HAL_ADC_AnalogWDGConfig                           mbed-src/targets/cmsis/TARGET_STM/TARGET_STM32F0/stm32f0xx_hal_adc.o
HAL_ADC_ConfigChannel                             mbed-src/targets/cmsis/TARGET_STM/TARGET_STM32F0/stm32f0xx_hal_adc.o
                                                  mbed-src/targets/hal/TARGET_STM/TARGET_STM32F0/analogin_api.o
HAL_ADC_ConvCpltCallback                          mbed-src/targets/cmsis/TARGET_STM/TARGET_STM32F0/stm32f0xx_hal_adc.o
HAL_ADC_ConvHalfCpltCallback                      mbed-src/targets/cmsis/TARGET_STM/TARGET_STM32F0/stm32f0xx_hal_adc.o
HAL_ADC_DeInit                                    mbed-src/targets/cmsis/TARGET_STM/TARGET_STM32F0/stm32f0xx_hal_adc.o
HAL_ADC_ErrorCallback                             mbed-src/targets/cmsis/TARGET_STM/TARGET_STM32F0/stm32f0xx_hal_adc.o
HAL_ADC_GetError                                  mbed-src/targets/cmsis/TARGET_STM/TARGET_STM32F0/stm32f0xx_hal_adc.o
HAL_ADC_GetState                                  mbed-src/targets/cmsis/TARGET_STM/TARGET_STM32F0/stm32f0xx_hal_adc.o
HAL_ADC_GetValue                                  mbed-src/targets/cmsis/TARGET_STM/TARGET_STM32F0/stm32f0xx_hal_adc.o
                                                  mbed-src/targets/hal/TARGET_STM/TARGET_STM32F0/analogin_api.o
HAL_ADC_IRQHandler                                mbed-src/targets/cmsis/TARGET_STM/TARGET_STM32F0/stm32f0xx_hal_adc.o
HAL_ADC_Init                                      mbed-src/targets/cmsis/TARGET_STM/TARGET_STM32F0/stm32f0xx_hal_adc.o
                                                  mbed-src/targets/hal/TARGET_STM/TARGET_STM32F0/analogin_api.o
HAL_ADC_LevelOutOfWindowCallback                  mbed-src/targets/cmsis/TARGET_STM/TARGET_STM32F0/stm32f0xx_hal_adc.o
HAL_ADC_MspDeInit                                 mbed-src/targets/cmsis/TARGET_STM/TARGET_STM32F0/stm32f0xx_hal_adc.o
HAL_ADC_MspInit                                   mbed-src/targets/cmsis/TARGET_STM/TARGET_STM32F0/stm32f0xx_hal_adc.o
HAL_ADC_PollForConversion                         mbed-src/targets/cmsis/TARGET_STM/TARGET_STM32F0/stm32f0xx_hal_adc.o
                                                  mbed-src/targets/hal/TARGET_STM/TARGET_STM32F0/analogin_api.o
HAL_ADC_PollForEvent                              mbed-src/targets/cmsis/TARGET_STM/TARGET_STM32F0/stm32f0xx_hal_adc.o
HAL_ADC_Start                                     mbed-src/targets/cmsis/TARGET_STM/TARGET_STM32F0/stm32f0xx_hal_adc.o
                                                  mbed-src/targets/hal/TARGET_STM/TARGET_STM32F0/analogin_api.o
HAL_ADC_Start_DMA                                 mbed-src/targets/cmsis/TARGET_STM/TARGET_STM32F0/stm32f0xx_hal_adc.o
HAL_ADC_Start_IT                                  mbed-src/targets/cmsis/TARGET_STM/TARGET_STM32F0/stm32f0xx_hal_adc.o
HAL_ADC_Stop                                      mbed-src/targets/cmsis/TARGET_STM/TARGET_STM32F0/stm32f0xx_hal_adc.o
HAL_ADC_Stop_DMA                                  mbed-src/targets/cmsis/TARGET_STM/TARGET_STM32F0/stm32f0xx_hal_adc.o
HAL_ADC_Stop_IT                                   mbed-src/targets/cmsis/TARGET_STM/TARGET_STM32F0/stm32f0xx_hal_adc.o
HAL_CRCEx_Init                                    mbed-src/targets/cmsis/TARGET_STM/TARGET_STM32F0/stm32f0xx_hal_crc_ex.o
                                                  mbed-src/targets/cmsis/TARGET_STM/TARGET_STM32F0/stm32f0xx_hal_crc.o
HAL_CRCEx_Input_Data_Reverse                      mbed-src/targets/cmsis/TARGET_STM/TARGET_STM32F0/stm32f0xx_hal_crc_ex.o
HAL_CRCEx_Output_Data_Reverse                     mbed-src/targets/cmsis/TARGET_STM/TARGET_STM32F0/stm32f0xx_hal_crc_ex.o
HAL_CRC_Accumulate                                mbed-src/targets/cmsis/TARGET_STM/TARGET_STM32F0/stm32f0xx_hal_crc.o
HAL_CRC_Calculate                                 mbed-src/targets/cmsis/TARGET_STM/TARGET_STM32F0/stm32f0xx_hal_crc.o
HAL_CRC_DeInit                                    mbed-src/targets/cmsis/TARGET_STM/TARGET_STM32F0/stm32f0xx_hal_crc.o
HAL_CRC_GetState                                  mbed-src/targets/cmsis/TARGET_STM/TARGET_STM32F0/stm32f0xx_hal_crc.o
HAL_CRC_Init                                      mbed-src/targets/cmsis/TARGET_STM/TARGET_STM32F0/stm32f0xx_hal_crc.o
HAL_CRC_MspDeInit                                 mbed-src/targets/cmsis/TARGET_STM/TARGET_STM32F0/stm32f0xx_hal_crc.o
HAL_CRC_MspInit                                   mbed-src/targets/cmsis/TARGET_STM/TARGET_STM32F0/stm32f0xx_hal_crc.o
HAL_DMA_Abort                                     mbed-src/targets/cmsis/TARGET_STM/TARGET_STM32F0/stm32f0xx_hal_dma.o
                                                  mbed-src/targets/cmsis/TARGET_STM/TARGET_STM32F0/stm32f0xx_hal_usart.o
                                                  mbed-src/targets/cmsis/TARGET_STM/TARGET_STM32F0/stm32f0xx_hal_adc.o
                                                  mbed-src/targets/cmsis/TARGET_STM/TARGET_STM32F0/stm32f0xx_hal_spi.o
                                                  mbed-src/targets/cmsis/TARGET_STM/TARGET_STM32F0/stm32f0xx_hal_uart.o
                                                  mbed-src/targets/cmsis/TARGET_STM/TARGET_STM32F0/stm32f0xx_hal_tim.o
HAL_DMA_DeInit                                    mbed-src/targets/cmsis/TARGET_STM/TARGET_STM32F0/stm32f0xx_hal_dma.o
HAL_DMA_GetError                                  mbed-src/targets/cmsis/TARGET_STM/TARGET_STM32F0/stm32f0xx_hal_dma.o
HAL_DMA_GetState                                  mbed-src/targets/cmsis/TARGET_STM/TARGET_STM32F0/stm32f0xx_hal_dma.o
HAL_DMA_IRQHandler                                mbed-src/targets/cmsis/TARGET_STM/TARGET_STM32F0/stm32f0xx_hal_dma.o
HAL_DMA_Init                                      mbed-src/targets/cmsis/TARGET_STM/TARGET_STM32F0/stm32f0xx_hal_dma.o
HAL_DMA_PollForTransfer                           mbed-src/targets/cmsis/TARGET_STM/TARGET_STM32F0/stm32f0xx_hal_dma.o
HAL_DMA_Start                                     mbed-src/targets/cmsis/TARGET_STM/TARGET_STM32F0/stm32f0xx_hal_dma.o